Archive member included because of file (symbol)

..\..\Program Files (x86)\Microchip\xc32\v2.15\pic32mx\lib\libmchp_peripheral_32MX795F512L.a(open_core_timer_lib.o)
                              build/default/production/main.o (OpenCoreTimer)
..\..\Program Files (x86)\Microchip\xc32\v2.15\pic32mx\lib\libmchp_peripheral_32MX795F512L.a(update_core_timer_lib.o)
                              build/default/production/interrupts.o (UpdateCoreTimer)
..\..\Program Files (x86)\Microchip\xc32\v2.15\pic32mx\lib\libmchp_peripheral_32MX795F512L.a(soft_reset_lib.o)
                              build/default/production/main.o (SoftReset)
..\..\Program Files (x86)\Microchip\xc32\v2.15\pic32mx\lib\libmchp_peripheral_32MX795F512L.a(pcache.o)
                              build/default/production/main.o (CheKseg0CacheOn)
..\..\Program Files (x86)\Microchip\xc32\v2.15\pic32mx\lib\libmchp_peripheral_32MX795F512L.a(int_configure_system_lib.o)
                              build/default/production/main.o (INTConfigureSystem)
..\..\Program Files (x86)\Microchip\xc32\v2.15\pic32mx\lib\libmchp_peripheral_32MX795F512L.a(int_disable_interrupts_lib.o)
                              build/default/production/main.o (INTDisableInterrupts)
..\..\Program Files (x86)\Microchip\xc32\v2.15\pic32mx\lib\libmchp_peripheral_32MX795F512L.a(int_restore_interrupts_lib.o)
                              build/default/production/main.o (INTRestoreInterrupts)
..\..\Program Files (x86)\Microchip\xc32\v2.15\pic32mx\lib\libmchp_peripheral_32MX795F512L.a(int_enable_mv_int_lib.o)
                              build/default/production/main.o (INTEnableSystemMultiVectoredInt)
..\..\Program Files (x86)\Microchip\xc32\v2.15\pic32mx\lib\libmchp_peripheral_32MX795F512L.a(spi_chn_getc_lib.o)
                              build/default/production/fatfs/diskio.o (SpiChnGetC)
..\..\Program Files (x86)\Microchip\xc32\v2.15\pic32mx\lib\libmchp_peripheral_32MX795F512L.a(spi_chn_open_lib.o)
                              build/default/production/user.o (SpiChnOpen)
..\..\Program Files (x86)\Microchip\xc32\v2.15\pic32mx\lib\libmchp_peripheral_32MX795F512L.a(spi_chn_putc_lib.o)
                              build/default/production/fatfs/diskio.o (SpiChnPutC)
..\..\Program Files (x86)\Microchip\xc32\v2.15\pic32mx\lib\libmchp_peripheral_32MX795F512L.a(spi_io_tbl_libp.o)
                              ..\..\Program Files (x86)\Microchip\xc32\v2.15\pic32mx\lib\libmchp_peripheral_32MX795F512L.a(spi_chn_open_lib.o) (_SpiIoTbl)
..\..\Program Files (x86)\Microchip\xc32\v2.15\pic32mx\lib\libmchp_peripheral_32MX795F512L.a(spi_map_tbl_libp.o)
                              ..\..\Program Files (x86)\Microchip\xc32\v2.15\pic32mx\lib\libmchp_peripheral_32MX795F512L.a(spi_chn_getc_lib.o) (_SpiMapTbl)
..\..\Program Files (x86)\Microchip\xc32\v2.15\pic32mx\lib\libmchp_peripheral_32MX795F512L.a(port_set_pins_digital_in_lib.o)
                              ..\..\Program Files (x86)\Microchip\xc32\v2.15\pic32mx\lib\libmchp_peripheral_32MX795F512L.a(spi_chn_open_lib.o) (PORTSetPinsDigitalIn)
..\..\Program Files (x86)\Microchip\xc32\v2.15\pic32mx\lib\libmchp_peripheral_32MX795F512L.a(port_set_pins_digital_out_lib.o)
                              ..\..\Program Files (x86)\Microchip\xc32\v2.15\pic32mx\lib\libmchp_peripheral_32MX795F512L.a(spi_chn_open_lib.o) (PORTSetPinsDigitalOut)
..\..\Program Files (x86)\Microchip\xc32\v2.15\pic32mx\lib\libmchp_peripheral_32MX795F512L.a(port_read_bits_lib.o)
                              build/default/production/accel_1.o (PORTReadBits)
..\..\Program Files (x86)\Microchip\xc32\v2.15\pic32mx\lib\libmchp_peripheral_32MX795F512L.a(_ports_tbl_libp.o)
                              ..\..\Program Files (x86)\Microchip\xc32\v2.15\pic32mx\lib\libmchp_peripheral_32MX795F512L.a(port_set_pins_digital_in_lib.o) (PortRegTbl)
..\..\Program Files (x86)\Microchip\xc32\v2.15\pic32mx\lib\libmchp_peripheral_32MX795F512L.a(uart_lib.o)
                              build/default/production/rimbox.o (uartReg)
..\..\Program Files (x86)\Microchip\xc32\v2.15\pic32mx\lib\libmchp_peripheral_32MX795F512L.a(I2CAcknowledgeByte.o)
                              build/default/production/accel_1.o (I2CAcknowledgeByte)
..\..\Program Files (x86)\Microchip\xc32\v2.15\pic32mx\lib\libmchp_peripheral_32MX795F512L.a(I2CAcknowledgeHasCompleted.o)
                              build/default/production/accel_1.o (I2CAcknowledgeHasCompleted)
..\..\Program Files (x86)\Microchip\xc32\v2.15\pic32mx\lib\libmchp_peripheral_32MX795F512L.a(I2CBusIsIdle.o)
                              build/default/production/accel_1.o (I2CBusIsIdle)
..\..\Program Files (x86)\Microchip\xc32\v2.15\pic32mx\lib\libmchp_peripheral_32MX795F512L.a(I2CByteWasAcknowledged.o)
                              build/default/production/accel_1.o (I2CByteWasAcknowledged)
..\..\Program Files (x86)\Microchip\xc32\v2.15\pic32mx\lib\libmchp_peripheral_32MX795F512L.a(I2CConfigure.o)
[...]
Memory Configuration

Name             Origin             Length             Attributes
kseg0_program_mem 0x9d000000         0x00080000         xr
kseg0_boot_mem   0x9fc00490         0x00000970
exception_mem    0x9fc01000         0x00001000
kseg1_boot_mem   0xbfc00000         0x00000490
debug_exec_mem   0xbfc02000         0x00000ff0
config3          0xbfc02ff0         0x00000004
config2          0xbfc02ff4         0x00000004
config1          0xbfc02ff8         0x00000004
config0          0xbfc02ffc         0x00000004
kseg1_data_mem   0xa0000000         0x00020000         w !x
sfrs             0xbf800000         0x00100000
configsfrs       0xbfc02ff0         0x00000010
*default*        0x00000000         0xffffffff

Linker script and memory map

LOAD c:/program files (x86)/microchip/xc32/v2.15/bin/bin/../../lib/gcc/pic32mx/4.8.3/../../../../pic32mx/lib\debug-exception-return.o
LOAD build/default/production/main.o
LOAD build/default/production/configuration_bits.o
LOAD build/default/production/system.o
LOAD build/default/production/interrupts.o
LOAD build/default/production/fatfs/diskio.o
LOAD build/default/production/fatfs/ff.o
LOAD build/default/production/user.o
LOAD build/default/production/oneshot.o
LOAD build/default/production/rimbox.o
LOAD build/default/production/cryo.o
LOAD build/default/production/commands.o
LOAD build/default/production/diode.o
LOAD build/default/production/fan.o
LOAD build/default/production/adc.o
LOAD build/default/production/temperature.o
LOAD build/default/production/vacuum.o
LOAD build/default/production/autostart.o
LOAD build/default/production/accel_1.o
LOAD build/default/production/relay.o
LOAD build/default/production/tc74.o
LOAD build/default/production/file_utils.o
LOAD build/default/production/voltages.o
LOAD ..\..\Program Files (x86)\Microchip\xc32\v2.15\pic32mx\lib\libmchp_peripheral_32MX795F512L.a
                0x00000001                __MPLAB_BUILD = 0x1
                0x00000400                _min_heap_size = 0x400
LOAD C:\Users\JON'SW~1\AppData\Local\Temp\ccgbVfuO.o
LOAD C:\Users\JON'SW~1\AppData\Local\Temp\ccCKqkWY.o
LOAD C:\Users\JON'SW~1\AppData\Local\Temp\ccJRJlxc.o
LOAD c:/program files (x86)/microchip/xc32/v2.15/bin/bin/../../lib/gcc/pic32mx/4.8.3/../../../../pic32mx/lib/./proc/32MX795F512L\default_isr_vectors.o
LOAD c:/program files (x86)/microchip/xc32/v2.15/bin/bin/../../lib/gcc/pic32mx/4.8.3/../../../../pic32mx/lib\pic32_software_reset.o
                0x00000400                PROVIDE (_min_stack_size, 0x400)
START GROUP
LOAD c:/program files (x86)/microchip/xc32/v2.15/bin/bin/../../lib/gcc/pic32mx/4.8.3/../../../../pic32mx/lib/./proc/32MX795F512L\processor.o
END GROUP
START GROUP
LOAD c:/program files (x86)/microchip/xc32/v2.15/bin/bin/../../lib/gcc/pic32mx/4.8.3/../../../../pic32mx/lib\libmchp_peripheral.a
END GROUP
START GROUP
LOAD c:/program files (x86)/microchip/xc32/v2.15/bin/bin/../../lib/gcc/pic32mx/4.8.3/../../../../pic32mx/lib\libmchp_peripheral_32MX795F512L.a
END GROUP
                0x00000001                PROVIDE (_vector_spacing, 0x1)
                0x9fc01000                PROVIDE (_ebase_address, 0x9fc01000)
                0xbfc00000                _RESET_ADDR = 0xbfc00000
                0xbfc00380                _BEV_EXCPT_ADDR = 0xbfc00380
                0xbfc00480                _DBG_EXCPT_ADDR = 0xbfc00480
                0xbfc02000                _DBG_CODE_ADDR = 0xbfc02000
                0x00000ff0                _DBG_CODE_SIZE = 0xff0
                0x9fc01180                _GEN_EXCPT_ADDR = (_ebase_address + 0x180)

.config_BFC02FF0
                0xbfc02ff0        0x4
 *(.config_BFC02FF0)
 .config_BFC02FF0
                0xbfc02ff0        0x4 build/default/production/configuration_bits.o

.config_BFC02FF4
                0xbfc02ff4        0x4
 *(.config_BFC02FF4)
 .config_BFC02FF4
                0xbfc02ff4        0x4 build/default/production/configuration_bits.o

.config_BFC02FF8
                0xbfc02ff8        0x4
 *(.config_BFC02FF8)
 .config_BFC02FF8
                0xbfc02ff8        0x4 build/default/production/configuration_bits.o

.config_BFC02FFC
                0xbfc02ffc        0x4
 *(.config_BFC02FFC)
 .config_BFC02FFC
                0xbfc02ffc        0x4 build/default/production/configuration_bits.o
                0xbfc02000                PROVIDE (_DBG_CODE_ADDR, 0xbfc02000)
                0x00000ff0                PROVIDE (_DBG_CODE_SIZE, 0xff0)

.reset          0xbfc00000      0x1a8
 *(.reset)
 .reset         0xbfc00000        0x8 C:\Users\JON'SW~1\AppData\Local\Temp\ccgbVfuO.o
                0xbfc00000                _reset
 *(.reset.startup)
 .reset.startup
                0xbfc00008      0x1a0 C:\Users\JON'SW~1\AppData\Local\Temp\ccgbVfuO.o
                0xbfc00008                _startup

.bev_excpt      0xbfc00380       0x10
 *(.bev_handler)
 .bev_handler   0xbfc00380       0x10 C:\Users\JON'SW~1\AppData\Local\Temp\ccgbVfuO.o

.dbg_excpt      0xbfc00480        0x0
                0xbfc00480                . = (. + DEFINED (_DEBUGGER)?0x8:0x0)

.dbg_code       0xbfc02000        0x0
                0xbfc02000                . = (. + DEFINED (_DEBUGGER)?_DBG_CODE_SIZE:0x0)

.app_excpt      0x9fc01180       0x10
 *(.gen_handler)
 .gen_handler   0x9fc01180       0x10 C:\Users\JON'SW~1\AppData\Local\Temp\ccgbVfuO.o

.vector_0       0x9fc01200        0x8
 *(.vector_0)
 .vector_0      0x9fc01200        0x8 build/default/production/interrupts.o
                0x9fc01200                __vector_dispatch_0
                0x00000001                ASSERT (((_vector_spacing == 0x0) || (SIZEOF (.vector_0) <= (_vector_spacing << 0x5))), function at exception vector 0 too large)

.vector_1       0x9fc01220        0x8
 *(.vector_1)
 .vector_1      0x9fc01220        0x8 c:/program files (x86)/microchip/xc32/v2.15/bin/bin/../../lib/gcc/pic32mx/4.8.3/../../../../pic32mx/lib\libpic32.a(vector1.o)
                0x9fc01220                __vector_dispatch_1
                0x00000001                ASSERT (((_vector_spacing == 0x0) || (SIZEOF (.vector_1) <= (_vector_spacing << 0x5))), function at exception vector 1 too large)

.vector_2       0x9fc01240        0x8
 *(.vector_2)
 .vector_2      0x9fc01240        0x8 c:/program files (x86)/microchip/xc32/v2.15/bin/bin/../../lib/gcc/pic32mx/4.8.3/../../../../pic32mx/lib\libpic32.a(vector2.o)
                0x9fc01240                __vector_dispatch_2
                0x00000001                ASSERT (((_vector_spacing == 0x0) || (SIZEOF (.vector_2) <= (_vector_spacing << 0x5))), function at exception vector 2 too large)

.vector_3       0x9fc01260        0x8
 *(.vector_3)
 .vector_3      0x9fc01260        0x8 c:/program files (x86)/microchip/xc32/v2.15/bin/bin/../../lib/gcc/pic32mx/4.8.3/../../../../pic32mx/lib\libpic32.a(vector3.o)
                0x9fc01260                __vector_dispatch_3
                0x00000001                ASSERT (((_vector_spacing == 0x0) || (SIZEOF (.vector_3) <= (_vector_spacing << 0x5))), function at exception vector 3 too large)

.vector_4       0x9fc01280        0x8
 *(.vector_4)
 .vector_4      0x9fc01280        0x8 c:/program files (x86)/microchip/xc32/v2.15/bin/bin/../../lib/gcc/pic32mx/4.8.3/../../../../pic32mx/lib\libpic32.a(vector4.o)
                0x9fc01280                __vector_dispatch_4
                0x00000001                ASSERT (((_vector_spacing == 0x0) || (SIZEOF (.vector_4) <= (_vector_spacing << 0x5))), function at exception vector 4 too large)

.vector_5       0x9fc012a0        0x8
 *(.vector_5)
 .vector_5      0x9fc012a0        0x8 c:/program files (x86)/microchip/xc32/v2.15/bin/bin/../../lib/gcc/pic32mx/4.8.3/../../../../pic32mx/lib\libpic32.a(vector5.o)
                0x9fc012a0                __vector_dispatch_5
                0x00000001                ASSERT (((_vector_spacing == 0x0) || (SIZEOF (.vector_5) <= (_vector_spacing << 0x5))), function at exception vector 5 too large)

.vector_6       0x9fc012c0        0x8
 *(.vector_6)
 .vector_6      0x9fc012c0        0x8 c:/program files (x86)/microchip/xc32/v2.15/bin/bin/../../lib/gcc/pic32mx/4.8.3/../../../../pic32mx/lib\libpic32.a(vector6.o)
                0x9fc012c0                __vector_dispatch_6
                0x00000001                ASSERT (((_vector_spacing == 0x0) || (SIZEOF (.vector_6) <= (_vector_spacing << 0x5))), function at exception vector 6 too large)

.vector_7       0x9fc012e0        0x8
 *(.vector_7)
 .vector_7      0x9fc012e0        0x8 c:/program files (x86)/microchip/xc32/v2.15/bin/bin/../../lib/gcc/pic32mx/4.8.3/../../../../pic32mx/lib\libpic32.a(vector7.o)
                0x9fc012e0                __vector_dispatch_7
                0x00000001                ASSERT (((_vector_spacing == 0x0) || (SIZEOF (.vector_7) <= (_vector_spacing << 0x5))), function at exception vector 7 too large)

.vector_8       0x9fc01300        0x8
 *(.vector_8)
 .vector_8      0x9fc01300        0x8 c:/program files (x86)/microchip/xc32/v2.15/bin/bin/../../lib/gcc/pic32mx/4.8.3/../../../../pic32mx/lib\libpic32.a(vector8.o)
                0x9fc01300                __vector_dispatch_8
                0x00000001                ASSERT (((_vector_spacing == 0x0) || (SIZEOF (.vector_8) <= (_vector_spacing << 0x5))), function at exception vector 8 too large)

.vector_9       0x9fc01320        0x8
 *(.vector_9)
 .vector_9      0x9fc01320        0x8 c:/program files (x86)/microchip/xc32/v2.15/bin/bin/../../lib/gcc/pic32mx/4.8.3/../../../../pic32mx/lib\libpic32.a(vector9.o)
                0x9fc01320                __vector_dispatch_9
                0x00000001                ASSERT (((_vector_spacing == 0x0) || (SIZEOF (.vector_9) <= (_vector_spacing << 0x5))), function at exception vector 9 too large)

.vector_10      0x9fc01340        0x8
 *(.vector_10)
 .vector_10     0x9fc01340        0x8 c:/program files (x86)/microchip/xc32/v2.15/bin/bin/../../lib/gcc/pic32mx/4.8.3/../../../../pic32mx/lib\libpic32.a(vector10.o)
                0x9fc01340                __vector_dispatch_10
                0x00000001                ASSERT (((_vector_spacing == 0x0) || (SIZEOF (.vector_10) <= (_vector_spacing << 0x5))), function at exception vector 10 too large)

.vector_11      0x9fc01360        0x8
 *(.vector_11)
 .vector_11     0x9fc01360        0x8 c:/program files (x86)/microchip/xc32/v2.15/bin/bin/../../lib/gcc/pic32mx/4.8.3/../../../../pic32mx/lib\libpic32.a(vector11.o)
                0x9fc01360                __vector_dispatch_11
                0x00000001                ASSERT (((_vector_spacing == 0x0) || (SIZEOF (.vector_11) <= (_vector_spacing << 0x5))), function at exception vector 11 too large)

.vector_12      0x9fc01380        0x8
 *(.vector_12)
 .vector_12     0x9fc01380        0x8 c:/program files (x86)/microchip/xc32/v2.15/bin/bin/../../lib/gcc/pic32mx/4.8.3/../../../../pic32mx/lib\libpic32.a(vector12.o)
                0x9fc01380                __vector_dispatch_12
                0x00000001                ASSERT (((_vector_spacing == 0x0) || (SIZEOF (.vector_12) <= (_vector_spacing << 0x5))), function at exception vector 12 too large)

.vector_13      0x9fc013a0        0x8
 *(.vector_13)
 .vector_13     0x9fc013a0        0x8 c:/program files (x86)/microchip/xc32/v2.15/bin/bin/../../lib/gcc/pic32mx/4.8.3/../../../../pic32mx/lib\libpic32.a(vector13.o)
                0x9fc013a0                __vector_dispatch_13
                0x00000001                ASSERT (((_vector_spacing == 0x0) || (SIZEOF (.vector_13) <= (_vector_spacing << 0x5))), function at exception vector 13 too large)

.vector_14      0x9fc013c0        0x8
 *(.vector_14)
 .vector_14     0x9fc013c0        0x8 c:/program files (x86)/microchip/xc32/v2.15/bin/bin/../../lib/gcc/pic32mx/4.8.3/../../../../pic32mx/lib\libpic32.a(vector14.o)
                0x9fc013c0                __vector_dispatch_14
                0x00000001                ASSERT (((_vector_spacing == 0x0) || (SIZEOF (.vector_14) <= (_vector_spacing << 0x5))), function at exception vector 14 too large)

.vector_15      0x9fc013e0        0x8
 *(.vector_15)
 .vector_15     0x9fc013e0        0x8 c:/program files (x86)/microchip/xc32/v2.15/bin/bin/../../lib/gcc/pic32mx/4.8.3/../../../../pic32mx/lib\libpic32.a(vector15.o)
                0x9fc013e0                __vector_dispatch_15
                0x00000001                ASSERT (((_vector_spacing == 0x0) || (SIZEOF (.vector_15) <= (_vector_spacing << 0x5))), function at exception vector 15 too large)

.vector_16      0x9fc01400        0x8
 *(.vector_16)
 .vector_16     0x9fc01400        0x8 c:/program files (x86)/microchip/xc32/v2.15/bin/bin/../../lib/gcc/pic32mx/4.8.3/../../../../pic32mx/lib\libpic32.a(vector16.o)
                0x9fc01400                __vector_dispatch_16
                0x00000001                ASSERT (((_vector_spacing == 0x0) || (SIZEOF (.vector_16) <= (_vector_spacing << 0x5))), function at exception vector 16 too large)

.vector_17      0x9fc01420        0x8
 *(.vector_17)
 .vector_17     0x9fc01420        0x8 c:/program files (x86)/microchip/xc32/v2.15/bin/bin/../../lib/gcc/pic32mx/4.8.3/../../../../pic32mx/lib\libpic32.a(vector17.o)
                0x9fc01420                __vector_dispatch_17
                0x00000001                ASSERT (((_vector_spacing == 0x0) || (SIZEOF (.vector_17) <= (_vector_spacing << 0x5))), function at exception vector 17 too large)

.vector_18      0x9fc01440        0x8
 *(.vector_18)
 .vector_18     0x9fc01440        0x8 c:/program files (x86)/microchip/xc32/v2.15/bin/bin/../../lib/gcc/pic32mx/4.8.3/../../../../pic32mx/lib\libpic32.a(vector18.o)
                0x9fc01440                __vector_dispatch_18
                0x00000001                ASSERT (((_vector_spacing == 0x0) || (SIZEOF (.vector_18) <= (_vector_spacing << 0x5))), function at exception vector 18 too large)

.vector_19      0x9fc01460        0x8
 *(.vector_19)
 .vector_19     0x9fc01460        0x8 c:/program files (x86)/microchip/xc32/v2.15/bin/bin/../../lib/gcc/pic32mx/4.8.3/../../../../pic32mx/lib\libpic32.a(vector19.o)
                0x9fc01460                __vector_dispatch_19
                0x00000001                ASSERT (((_vector_spacing == 0x0) || (SIZEOF (.vector_19) <= (_vector_spacing << 0x5))), function at exception vector 19 too large)

.vector_20      0x9fc01480        0x8
 *(.vector_20)
 .vector_20     0x9fc01480        0x8 c:/program files (x86)/microchip/xc32/v2.15/bin/bin/../../lib/gcc/pic32mx/4.8.3/../../../../pic32mx/lib\libpic32.a(vector20.o)
                0x9fc01480                __vector_dispatch_20
                0x00000001                ASSERT (((_vector_spacing == 0x0) || (SIZEOF (.vector_20) <= (_vector_spacing << 0x5))), function at exception vector 20 too large)

.vector_21      0x9fc014a0        0x8
 *(.vector_21)
 .vector_21     0x9fc014a0        0x8 c:/program files (x86)/microchip/xc32/v2.15/bin/bin/../../lib/gcc/pic32mx/4.8.3/../../../../pic32mx/lib\libpic32.a(vector21.o)
                0x9fc014a0                __vector_dispatch_21
                0x00000001                ASSERT (((_vector_spacing == 0x0) || (SIZEOF (.vector_21) <= (_vector_spacing << 0x5))), function at exception vector 21 too large)

.vector_22      0x9fc014c0        0x8
 *(.vector_22)
 .vector_22     0x9fc014c0        0x8 c:/program files (x86)/microchip/xc32/v2.15/bin/bin/../../lib/gcc/pic32mx/4.8.3/../../../../pic32mx/lib\libpic32.a(vector22.o)
                0x9fc014c0                __vector_dispatch_22
                0x00000001                ASSERT (((_vector_spacing == 0x0) || (SIZEOF (.vector_22) <= (_vector_spacing << 0x5))), function at exception vector 22 too large)

.vector_23      0x9fc014e0        0x8
 *(.vector_23)
 .vector_23     0x9fc014e0        0x8 c:/program files (x86)/microchip/xc32/v2.15/bin/bin/../../lib/gcc/pic32mx/4.8.3/../../../../pic32mx/lib\libpic32.a(vector23.o)
                0x9fc014e0                __vector_dispatch_23
                0x00000001                ASSERT (((_vector_spacing == 0x0) || (SIZEOF (.vector_23) <= (_vector_spacing << 0x5))), function at exception vector 23 too large)

.vector_24      0x9fc01500        0x8
 *(.vector_24)
 .vector_24     0x9fc01500        0x8 c:/program files (x86)/microchip/xc32/v2.15/bin/bin/../../lib/gcc/pic32mx/4.8.3/../../../../pic32mx/lib\libpic32.a(vector24.o)
                0x9fc01500                __vector_dispatch_24
                0x00000001                ASSERT (((_vector_spacing == 0x0) || (SIZEOF (.vector_24) <= (_vector_spacing << 0x5))), function at exception vector 24 too large)

.vector_25      0x9fc01520        0x8
 *(.vector_25)
 .vector_25     0x9fc01520        0x8 c:/program files (x86)/microchip/xc32/v2.15/bin/bin/../../lib/gcc/pic32mx/4.8.3/../../../../pic32mx/lib\libpic32.a(vector25.o)
                0x9fc01520                __vector_dispatch_25
                0x00000001                ASSERT (((_vector_spacing == 0x0) || (SIZEOF (.vector_25) <= (_vector_spacing << 0x5))), function at exception vector 25 too large)

.vector_26      0x9fc01540        0x8
 *(.vector_26)
 .vector_26     0x9fc01540        0x8 c:/program files (x86)/microchip/xc32/v2.15/bin/bin/../../lib/gcc/pic32mx/4.8.3/../../../../pic32mx/lib\libpic32.a(vector26.o)
                0x9fc01540                __vector_dispatch_26
                0x00000001                ASSERT (((_vector_spacing == 0x0) || (SIZEOF (.vector_26) <= (_vector_spacing << 0x5))), function at exception vector 26 too large)

.vector_27      0x9fc01560        0x8
 *(.vector_27)
 .vector_27     0x9fc01560        0x8 c:/program files (x86)/microchip/xc32/v2.15/bin/bin/../../lib/gcc/pic32mx/4.8.3/../../../../pic32mx/lib\libpic32.a(vector27.o)
                0x9fc01560                __vector_dispatch_27
                0x00000001                ASSERT (((_vector_spacing == 0x0) || (SIZEOF (.vector_27) <= (_vector_spacing << 0x5))), function at exception vector 27 too large)

.vector_28      0x9fc01580        0x8
 *(.vector_28)
 .vector_28     0x9fc01580        0x8 c:/program files (x86)/microchip/xc32/v2.15/bin/bin/../../lib/gcc/pic32mx/4.8.3/../../../../pic32mx/lib\libpic32.a(vector28.o)
                0x9fc01580                __vector_dispatch_28
                0x00000001                ASSERT (((_vector_spacing == 0x0) || (SIZEOF (.vector_28) <= (_vector_spacing << 0x5))), function at exception vector 28 too large)

.vector_29      0x9fc015a0        0x8
 *(.vector_29)
 .vector_29     0x9fc015a0        0x8 c:/program files (x86)/microchip/xc32/v2.15/bin/bin/../../lib/gcc/pic32mx/4.8.3/../../../../pic32mx/lib\libpic32.a(vector29.o)
                0x9fc015a0                __vector_dispatch_29
                0x00000001                ASSERT (((_vector_spacing == 0x0) || (SIZEOF (.vector_29) <= (_vector_spacing << 0x5))), function at exception vector 29 too large)

.vector_30      0x9fc015c0        0x8
 *(.vector_30)
 .vector_30     0x9fc015c0        0x8 c:/program files (x86)/microchip/xc32/v2.15/bin/bin/../../lib/gcc/pic32mx/4.8.3/../../../../pic32mx/lib\libpic32.a(vector30.o)
                0x9fc015c0                __vector_dispatch_30
                0x00000001                ASSERT (((_vector_spacing == 0x0) || (SIZEOF (.vector_30) <= (_vector_spacing << 0x5))), function at exception vector 30 too large)

.vector_31      0x9fc015e0        0x8
 *(.vector_31)
 .vector_31     0x9fc015e0        0x8 c:/program files (x86)/microchip/xc32/v2.15/bin/bin/../../lib/gcc/pic32mx/4.8.3/../../../../pic32mx/lib\libpic32.a(vector31.o)
                0x9fc015e0                __vector_dispatch_31
                0x00000001                ASSERT (((_vector_spacing == 0x0) || (SIZEOF (.vector_31) <= (_vector_spacing << 0x5))), function at exception vector 31 too large)

.vector_32      0x9fc01600        0x8
 *(.vector_32)
 .vector_32     0x9fc01600        0x8 c:/program files (x86)/microchip/xc32/v2.15/bin/bin/../../lib/gcc/pic32mx/4.8.3/../../../../pic32mx/lib\libpic32.a(vector32.o)
                0x9fc01600                __vector_dispatch_32
                0x00000001                ASSERT (((_vector_spacing == 0x0) || (SIZEOF (.vector_32) <= (_vector_spacing << 0x5))), function at exception vector 32 too large)

.vector_33      0x9fc01620        0x8
 *(.vector_33)
 .vector_33     0x9fc01620        0x8 c:/program files (x86)/microchip/xc32/v2.15/bin/bin/../../lib/gcc/pic32mx/4.8.3/../../../../pic32mx/lib\libpic32.a(vector33.o)
                0x9fc01620                __vector_dispatch_33
                0x00000001                ASSERT (((_vector_spacing == 0x0) || (SIZEOF (.vector_33) <= (_vector_spacing << 0x5))), function at exception vector 33 too large)

.vector_34      0x9fc01640        0x8
 *(.vector_34)
 .vector_34     0x9fc01640        0x8 c:/program files (x86)/microchip/xc32/v2.15/bin/bin/../../lib/gcc/pic32mx/4.8.3/../../../../pic32mx/lib\libpic32.a(vector34.o)
                0x9fc01640                __vector_dispatch_34
                0x00000001                ASSERT (((_vector_spacing == 0x0) || (SIZEOF (.vector_34) <= (_vector_spacing << 0x5))), function at exception vector 34 too large)

.vector_35      0x9fc01660        0x8
 *(.vector_35)
 .vector_35     0x9fc01660        0x8 c:/program files (x86)/microchip/xc32/v2.15/bin/bin/../../lib/gcc/pic32mx/4.8.3/../../../../pic32mx/lib\libpic32.a(vector35.o)
                0x9fc01660                __vector_dispatch_35
                0x00000001                ASSERT (((_vector_spacing == 0x0) || (SIZEOF (.vector_35) <= (_vector_spacing << 0x5))), function at exception vector 35 too large)

.vector_36      0x9fc01680        0x8
 *(.vector_36)
 .vector_36     0x9fc01680        0x8 c:/program files (x86)/microchip/xc32/v2.15/bin/bin/../../lib/gcc/pic32mx/4.8.3/../../../../pic32mx/lib\libpic32.a(vector36.o)
                0x9fc01680                __vector_dispatch_36
                0x00000001                ASSERT (((_vector_spacing == 0x0) || (SIZEOF (.vector_36) <= (_vector_spacing << 0x5))), function at exception vector 36 too large)

.vector_37      0x9fc016a0        0x8
 *(.vector_37)
 .vector_37     0x9fc016a0        0x8 c:/program files (x86)/microchip/xc32/v2.15/bin/bin/../../lib/gcc/pic32mx/4.8.3/../../../../pic32mx/lib\libpic32.a(vector37.o)
                0x9fc016a0                __vector_dispatch_37
                0x00000001                ASSERT (((_vector_spacing == 0x0) || (SIZEOF (.vector_37) <= (_vector_spacing << 0x5))), function at exception vector 37 too large)

.vector_38      0x9fc016c0        0x8
 *(.vector_38)
 .vector_38     0x9fc016c0        0x8 c:/program files (x86)/microchip/xc32/v2.15/bin/bin/../../lib/gcc/pic32mx/4.8.3/../../../../pic32mx/lib\libpic32.a(vector38.o)
                0x9fc016c0                __vector_dispatch_38
                0x00000001                ASSERT (((_vector_spacing == 0x0) || (SIZEOF (.vector_38) <= (_vector_spacing << 0x5))), function at exception vector 38 too large)

.vector_39      0x9fc016e0        0x8
 *(.vector_39)
 .vector_39     0x9fc016e0        0x8 c:/program files (x86)/microchip/xc32/v2.15/bin/bin/../../lib/gcc/pic32mx/4.8.3/../../../../pic32mx/lib\libpic32.a(vector39.o)
                0x9fc016e0                __vector_dispatch_39
                0x00000001                ASSERT (((_vector_spacing == 0x0) || (SIZEOF (.vector_39) <= (_vector_spacing << 0x5))), function at exception vector 39 too large)

.vector_40      0x9fc01700        0x8
 *(.vector_40)
 .vector_40     0x9fc01700        0x8 c:/program files (x86)/microchip/xc32/v2.15/bin/bin/../../lib/gcc/pic32mx/4.8.3/../../../../pic32mx/lib\libpic32.a(vector40.o)
                0x9fc01700                __vector_dispatch_40
                0x00000001                ASSERT (((_vector_spacing == 0x0) || (SIZEOF (.vector_40) <= (_vector_spacing << 0x5))), function at exception vector 40 too large)

.vector_41      0x9fc01720        0x8
 *(.vector_41)
 .vector_41     0x9fc01720        0x8 c:/program files (x86)/microchip/xc32/v2.15/bin/bin/../../lib/gcc/pic32mx/4.8.3/../../../../pic32mx/lib\libpic32.a(vector41.o)
                0x9fc01720                __vector_dispatch_41
                0x00000001                ASSERT (((_vector_spacing == 0x0) || (SIZEOF (.vector_41) <= (_vector_spacing << 0x5))), function at exception vector 41 too large)

.vector_42      0x9fc01740        0x8
 *(.vector_42)
 .vector_42     0x9fc01740        0x8 c:/program files (x86)/microchip/xc32/v2.15/bin/bin/../../lib/gcc/pic32mx/4.8.3/../../../../pic32mx/lib\libpic32.a(vector42.o)
                0x9fc01740                __vector_dispatch_42
                0x00000001                ASSERT (((_vector_spacing == 0x0) || (SIZEOF (.vector_42) <= (_vector_spacing << 0x5))), function at exception vector 42 too large)

.vector_43      0x9fc01760        0x8
 *(.vector_43)
 .vector_43     0x9fc01760        0x8 c:/program files (x86)/microchip/xc32/v2.15/bin/bin/../../lib/gcc/pic32mx/4.8.3/../../../../pic32mx/lib\libpic32.a(vector43.o)
                0x9fc01760                __vector_dispatch_43
                0x00000001                ASSERT (((_vector_spacing == 0x0) || (SIZEOF (.vector_43) <= (_vector_spacing << 0x5))), function at exception vector 43 too large)

.vector_44      0x9fc01780        0x8
 *(.vector_44)
 .vector_44     0x9fc01780        0x8 c:/program files (x86)/microchip/xc32/v2.15/bin/bin/../../lib/gcc/pic32mx/4.8.3/../../../../pic32mx/lib\libpic32.a(vector44.o)
                0x9fc01780                __vector_dispatch_44
                0x00000001                ASSERT (((_vector_spacing == 0x0) || (SIZEOF (.vector_44) <= (_vector_spacing << 0x5))), function at exception vector 44 too large)

.vector_45      0x9fc017a0        0x8
 *(.vector_45)
 .vector_45     0x9fc017a0        0x8 c:/program files (x86)/microchip/xc32/v2.15/bin/bin/../../lib/gcc/pic32mx/4.8.3/../../../../pic32mx/lib\libpic32.a(vector45.o)
                0x9fc017a0                __vector_dispatch_45
                0x00000001                ASSERT (((_vector_spacing == 0x0) || (SIZEOF (.vector_45) <= (_vector_spacing << 0x5))), function at exception vector 45 too large)

.vector_46      0x9fc017c0        0x8
 *(.vector_46)
 .vector_46     0x9fc017c0        0x8 c:/program files (x86)/microchip/xc32/v2.15/bin/bin/../../lib/gcc/pic32mx/4.8.3/../../../../pic32mx/lib\libpic32.a(vector46.o)
                0x9fc017c0                __vector_dispatch_46
                0x00000001                ASSERT (((_vector_spacing == 0x0) || (SIZEOF (.vector_46) <= (_vector_spacing << 0x5))), function at exception vector 46 too large)

.vector_47      0x9fc017e0        0x8
 *(.vector_47)
 .vector_47     0x9fc017e0        0x8 c:/program files (x86)/microchip/xc32/v2.15/bin/bin/../../lib/gcc/pic32mx/4.8.3/../../../../pic32mx/lib\libpic32.a(vector47.o)
                0x9fc017e0                __vector_dispatch_47
                0x00000001                ASSERT (((_vector_spacing == 0x0) || (SIZEOF (.vector_47) <= (_vector_spacing << 0x5))), function at exception vector 47 too large)

.vector_48      0x9fc01800        0x8
 *(.vector_48)
 .vector_48     0x9fc01800        0x8 c:/program files (x86)/microchip/xc32/v2.15/bin/bin/../../lib/gcc/pic32mx/4.8.3/../../../../pic32mx/lib\libpic32.a(vector48.o)
                0x9fc01800                __vector_dispatch_48
                0x00000001                ASSERT (((_vector_spacing == 0x0) || (SIZEOF (.vector_48) <= (_vector_spacing << 0x5))), function at exception vector 48 too large)

.vector_49      0x9fc01820        0x8
 *(.vector_49)
 .vector_49     0x9fc01820        0x8 c:/program files (x86)/microchip/xc32/v2.15/bin/bin/../../lib/gcc/pic32mx/4.8.3/../../../../pic32mx/lib\libpic32.a(vector49.o)
                0x9fc01820                __vector_dispatch_49
                0x00000001                ASSERT (((_vector_spacing == 0x0) || (SIZEOF (.vector_49) <= (_vector_spacing << 0x5))), function at exception vector 49 too large)

.vector_50      0x9fc01840        0x8
 *(.vector_50)
 .vector_50     0x9fc01840        0x8 c:/program files (x86)/microchip/xc32/v2.15/bin/bin/../../lib/gcc/pic32mx/4.8.3/../../../../pic32mx/lib\libpic32.a(vector50.o)
                0x9fc01840                __vector_dispatch_50
                0x00000001                ASSERT (((_vector_spacing == 0x0) || (SIZEOF (.vector_50) <= (_vector_spacing << 0x5))), function at exception vector 50 too large)

.vector_51      0x9fc01860        0x8
 *(.vector_51)
 .vector_51     0x9fc01860        0x8 c:/program files (x86)/microchip/xc32/v2.15/bin/bin/../../lib/gcc/pic32mx/4.8.3/../../../../pic32mx/lib\libpic32.a(vector51.o)
                0x9fc01860                __vector_dispatch_51
                0x00000001                ASSERT (((_vector_spacing == 0x0) || (SIZEOF (.vector_51) <= (_vector_spacing << 0x5))), function at exception vector 51 too large)

.vector_52      0x9fc01880        0x0
 *(.vector_52)
                0x00000001                ASSERT (((_vector_spacing == 0x0) || (SIZEOF (.vector_52) <= (_vector_spacing << 0x5))), function at exception vector 52 too large)

.vector_53      0x9fc018a0        0x0
 *(.vector_53)
                0x00000001                ASSERT (((_vector_spacing == 0x0) || (SIZEOF (.vector_53) <= (_vector_spacing << 0x5))), function at exception vector 53 too large)

.vector_54      0x9fc018c0        0x0
 *(.vector_54)
                0x00000001                ASSERT (((_vector_spacing == 0x0) || (SIZEOF (.vector_54) <= (_vector_spacing << 0x5))), function at exception vector 54 too large)

.vector_55      0x9fc018e0        0x0
 *(.vector_55)
                0x00000001                ASSERT (((_vector_spacing == 0x0) || (SIZEOF (.vector_55) <= (_vector_spacing << 0x5))), function at exception vector 55 too large)

.vector_56      0x9fc01900        0x0
 *(.vector_56)
                0x00000001                ASSERT (((_vector_spacing == 0x0) || (SIZEOF (.vector_56) <= (_vector_spacing << 0x5))), function at exception vector 56 too large)

.vector_57      0x9fc01920        0x0
 *(.vector_57)
                0x00000001                ASSERT (((_vector_spacing == 0x0) || (SIZEOF (.vector_57) <= (_vector_spacing << 0x5))), function at exception vector 57 too large)

.vector_58      0x9fc01940        0x0
 *(.vector_58)
                0x00000001                ASSERT (((_vector_spacing == 0x0) || (SIZEOF (.vector_58) <= (_vector_spacing << 0x5))), function at exception vector 58 too large)

.vector_59      0x9fc01960        0x0
 *(.vector_59)
                0x00000001                ASSERT (((_vector_spacing == 0x0) || (SIZEOF (.vector_59) <= (_vector_spacing << 0x5))), function at exception vector 59 too large)

.vector_60      0x9fc01980        0x0
 *(.vector_60)
                0x00000001                ASSERT (((_vector_spacing == 0x0) || (SIZEOF (.vector_60) <= (_vector_spacing << 0x5))), function at exception vector 60 too large)

.vector_61      0x9fc019a0        0x0
 *(.vector_61)
                0x00000001                ASSERT (((_vector_spacing == 0x0) || (SIZEOF (.vector_61) <= (_vector_spacing << 0x5))), function at exception vector 61 too large)

.vector_62      0x9fc019c0        0x0
 *(.vector_62)
                0x00000001                ASSERT (((_vector_spacing == 0x0) || (SIZEOF (.vector_62) <= (_vector_spacing << 0x5))), function at exception vector 62 too large)

.vector_63      0x9fc019e0        0x0
 *(.vector_63)
                0x00000001                ASSERT (((_vector_spacing == 0x0) || (SIZEOF (.vector_63) <= (_vector_spacing << 0x5))), function at exception vector 63 too large)

.startup
 *(.startup)

.text           0x9d000000        0x0
 *(.stub .gnu.linkonce.t.*)
 *(.text.*personality*)
 *(.mips16.fn.*)
 *(.mips16.call.*)
 *(.gnu.warning)
                0x9d000000                . = ALIGN (0x4)

.init           0x9d000000        0x0
 *crti.o(.init)
 *crtbegin.o(.init)
 *(EXCLUDE_FILE(*crtn.o *crtend?.o *crtend.o) .init)
 *crtend.o(.init)
 *crtn.o(.init)
                0x9d000000                . = ALIGN (0x4)

.fini           0x9d000000        0x0
 *(.fini)
                0x9d000000                . = ALIGN (0x4)

.preinit_array  0x9d000000        0x0
                0x9d000000                PROVIDE (__preinit_array_start, .)
 *(.preinit_array)
                0x9d000000                PROVIDE (__preinit_array_end, .)
                0x9d000000                . = ALIGN (0x4)

.init_array     0x9d000000        0x0
                0x9d000000                PROVIDE (__init_array_start, .)
 *(SORT(.init_array.*))
 *(.init_array)
                0x9d000000                PROVIDE (__init_array_end, .)
                0x9d000000                . = ALIGN (0x4)

.fini_array     0x9d000000        0x0
                0x9d000000                PROVIDE (__fini_array_start, .)
 *(SORT(.fini_array.*))
 *(.fini_array)
                0x9d000000                PROVIDE (__fini_array_end, .)
                0x9d000000                . = ALIGN (0x4)

.ctors          0x9d000000        0x0
 *crtbegin.o(.ctors)
 *crtbegin?.o(.ctors)
 *(EXCLUDE_FILE(*crtend?.o *crtend.o) .ctors)
 *(SORT(.ctors.*))
 *(.ctors)
                0x9d000000                . = ALIGN (0x4)

.dtors          0x9d000000        0x0
 *crtbegin.o(.dtors)
 *crtbegin?.o(.dtors)
 *(EXCLUDE_FILE(*crtend?.o *crtend.o) .dtors)
 *(SORT(.dtors.*))
 *(.dtors)
                0x9d000000                . = ALIGN (0x4)

.rodata         0x9d000000        0x0
 *(.gnu.linkonce.r.*)
 *(.rodata1)
                0x9d000000                . = ALIGN (0x4)

.sdata2         0x9fc00490        0x0
 *(.sdata2 .sdata2.* .gnu.linkonce.s2.*)
                0x9fc00490                . = ALIGN (0x4)

.sbss2          0x9fc00490        0x0
 *(.sbss2 .sbss2.* .gnu.linkonce.sb2.*)
                0x9fc00490                . = ALIGN (0x4)

.eh_frame_hdr
 *(.eh_frame_hdr)
                0x9fc00490                . = ALIGN (0x4)

.eh_frame
 *(.eh_frame)
                0x9fc00490                . = ALIGN (0x4)

.gcc_except_table
 *(.gcc_except_table .gcc_except_table.*)
                0x9fc00490                . = ALIGN (0x4)

.dbg_data       0xa0000000        0x0
                0xa0000000                . = (. + DEFINED (_DEBUGGER)?0x200:0x0)

.jcr            0xa0000000        0x0
 *(.jcr)
                0xa0000000                . = ALIGN (0x4)

.eh_frame
 *(.eh_frame)
                0xa0000000                . = ALIGN (0x4)

.gcc_except_table
 *(.gcc_except_table .gcc_except_table.*)
                0xa0000000                . = ALIGN (0x4)

.persist        0xa0000000        0x0
                0xa0000000                _persist_begin = .
 *(.persist .persist.*)
 *(.pbss .pbss.*)
                0xa0000000                . = ALIGN (0x4)
                0xa0000000                _persist_end = .

.data           0xa0000000        0x0
 *(.gnu.linkonce.d.*)
 *(.data1)
                0xa0000000                . = ALIGN (0x4)
                0xa0000000                . = .
                0xa0007ff0                _gp = (ALIGN (0x10) + 0x7ff0)

.got            0xa0000000        0x0
 *(.got.plt)
 *(.got)
                0xa0000000                . = ALIGN (0x4)

.sdata          0xa0000000       0x58
                0xa0000000                _sdata_begin = .
 *(.sdata .sdata.* .gnu.linkonce.s.*)
 .sdata         0xa0000000       0x2c build/default/production/main.o
                0xa0000000                version
                0xa0000004                CR
                0xa0000008                CRLF
                0xa000000c                VBAR
                0xa0000010                OK
                0xa0000014                ERROR
                0xa000001c                TIMEOUT
                0xa0000024                LINESEP
                0xa0000028                EOL
 .sdata         0xa000002c       0x14 build/default/production/fan.o
                0xa000002c                fan_mode
                0xa0000030                fan_pwm_percent
                0xa0000034                fan_pulses_per_rotation
                0xa0000038                auto_fan_reject_tc74_i
                0xa000003c                auto_fan_case_tc74_i
 .sdata         0xa0000040        0x4 build/default/production/vacuum.o
                0xa0000040                vacuum_address
 .sdata         0xa0000044        0x1 build/default/production/autostart.o
                0xa0000044                should_report_complete
 *fill*         0xa0000045        0x3 
 .sdata         0xa0000048        0x8 build/default/production/accel_1.o
 .sdata         0xa0000050        0x4 c:/program files (x86)/microchip/xc32/v2.15/bin/bin/../../lib/gcc/pic32mx/4.8.3/../../../../pic32mx/lib\liblega-c.a(_iobdata.o)
                0xa0000050                _libc_data
 .sdata         0xa0000054        0x4 c:/program files (x86)/microchip/xc32/v2.15/bin/bin/../../lib/gcc/pic32mx/4.8.3/../../../../pic32mx/lib\libpic32.a(xc32_uart.o)
                0xa0000054                __XC_UART
                0xa0000058                . = ALIGN (0x4)
                0xa0000058                _sdata_end = .

.lit8
 *(.lit8)

.lit4
 *(.lit4)
                0xa0000058                . = ALIGN (0x4)
                0xa0000058                _data_end = .
                0xa0000058                _bss_begin = .

.sbss           0xa0000058       0xfc
                0xa0000058                _sbss_begin = .
 *(.dynsbss)
 *(.sbss .sbss.* .gnu.linkonce.sb.*)
 .sbss          0xa0000058        0x2 build/default/production/main.o
                0xa0000058                echo_mode
                0xa0000059                is_rimbox_session_inactive
 *fill*         0xa000005a        0x2 
 .sbss          0xa000005c        0x4 build/default/production/system.o
                0xa000005c                tick_count
 .sbss          0xa0000060        0x4 build/default/production/fatfs/diskio.o
                0xa0000060                is_disk_initialized
 .sbss          0xa0000064        0x8 build/default/production/fatfs/ff.o
 .sbss          0xa000006c        0x8 build/default/production/oneshot.o
 .sbss          0xa0000074       0x10 build/default/production/rimbox.o
                0xa0000074                rimbox_cmnd_i
                0xa0000078                rimbox_send_head_i
                0xa000007c                rimbox_send_tail_i
                0xa0000080                rimbox_send_count
 .sbss          0xa0000084        0xc build/default/production/cryo.o
                0xa0000084                cryo_req_i
                0xa0000088                cryo_rspns_i
                0xa000008c                is_cryo_busy
                0xa000008d                is_cryo_response_ready
 .sbss          0xa0000090        0x8 build/default/production/fan.o
                0xa0000090                fan_sense_previous_captured_value
                0xa0000094                fan_rpm
 .sbss          0xa0000098        0x8 build/default/production/adc.o
 .sbss          0xa00000a0        0xc build/default/production/vacuum.o
                0xa00000a0                vac_req_i
                0xa00000a4                vac_rspns_i
                0xa00000a8                is_vac_busy
                0xa00000a9                is_vac_response_ready
                0xa00000aa                is_parse_vacuum_response
 .sbss          0xa00000ac        0xc build/default/production/autostart.o
                0xa00000ac                auto_start_tries
                0xa00000b0                auto_start_cmnd_rspns_tries
                0xa00000b4                auto_start_state
 .sbss          0xa00000b8       0x60 build/default/production/accel_1.o
                0xa0000100                one_second_report
 .sbss          0xa0000118        0x1 build/default/production/relay.o
                0xa0000118                relay_state
 *fill*         0xa0000119        0x3 
 .sbss          0xa000011c        0xc build/default/production/tc74.o
 .sbss          0xa0000128        0x4 c:/program files (x86)/microchip/xc32/v2.15/bin/bin/../../lib/gcc/pic32mx/4.8.3/../../../../pic32mx/lib\liblega-c.a(errno.o)
                0xa0000128                errno
 *(.scommon)
 .scommon       0xa000012c       0x18 build/default/production/main.o
                0xa000012c                auto_start_next_state
                0xa0000130                poll_cryo_session
                0xa0000134                auto_start_save_next_state
                0xa0000138                poll_auto_start
                0xa000013c                poll_recv_from_rimbox
                0xa0000140                poll_vac_session
 .scommon       0xa0000144        0x7 build/default/production/fatfs/diskio.o
                0xa0000144                is_dirty
                0xa0000148                is_cached
 *fill*         0xa000014b        0x1 
 .scommon       0xa000014c        0x4 build/default/production/rimbox.o
                0xa000014c                command
 .scommon       0xa0000150        0x0 build/default/production/cryo.o
 .scommon       0xa0000150        0x0 build/default/production/commands.o
 .scommon       0xa0000150        0x0 build/default/production/diode.o
 .scommon       0xa0000150        0x4 build/default/production/fan.o
                0xa0000150                fan_sense_state
 .scommon       0xa0000154        0x0 build/default/production/temperature.o
 .scommon       0xa0000154        0x0 build/default/production/vacuum.o
 .scommon       0xa0000154        0x0 build/default/production/autostart.o
 .scommon       0xa0000154        0x0 build/default/production/relay.o
 .scommon       0xa0000154        0x0 build/default/production/file_utils.o
 .scommon       0xa0000154        0x0 build/default/production/voltages.o
                0xa0000154                _sbss_end = .
                0xa0000154                . = ALIGN (0x4)

.bss            0xa0000154     0x46b0
 *(.dynbss)
 *(COMMON)
 COMMON         0xa0000154     0x300c build/default/production/fatfs/diskio.o
                0xa0000154                bfr4K
                0xa0003154                boundary_sector
 COMMON         0xa0003160      0xd44 build/default/production/rimbox.o
                0xa0003160                rimbox_send_fifo
                0xa0003930                rimbox_command
                0xa0003d18                args
 COMMON         0xa0003ea4      0x7cf build/default/production/cryo.o
                0xa0003ea4                cryo_request
                0xa000428c                cryo_response
 *fill*         0xa0004673        0x1 
 COMMON         0xa0004674       0xc7 build/default/production/vacuum.o
                0xa0004674                vac_request
                0xa00046d8                vac_response
 *fill*         0xa000473b        0x1 
 COMMON         0xa000473c       0xc7 build/default/production/autostart.o
                0xa000473c                auto_start_request
                0xa00047a0                auto_start_response
                0xa0004804                . = ALIGN ((. != 0x0)?0x4:0x1)
 *fill*         0xa0004803        0x1 
                0xa0004804                . = ALIGN (0x4)
                0xa0004804                _end = .
                0xa0004804                _bss_end = .
                0x00020000                _bmxdudba_address = 0x20000
                0x00020000                _bmxdupba_address = 0x20000

/DISCARD/
 *(.pdr)
 *(.rel.dyn)
 *(.note.GNU-stack)
 *(.note.GNU-stack)
 *(.gnu_debuglink)
 *(.gnu.lto_*)
 *(.discard)

.gptab.sdata
 *(.gptab.data)
 *(.gptab.sdata)

.gptab.sbss
 *(.gptab.bss)
 *(.gptab.sbss)

.mdebug.abi32   0xa0004804        0x0
 *(.mdebug.abi32)
 .mdebug.abi32  0xa0004804        0x0 build/default/production/main.o
 .mdebug.abi32  0xa0004804        0x0 build/default/production/configuration_bits.o
 .mdebug.abi32  0xa0004804        0x0 build/default/production/system.o
 .mdebug.abi32  0xa0004804        0x0 build/default/production/interrupts.o
 .mdebug.abi32  0xa0004804        0x0 build/default/production/fatfs/diskio.o
 .mdebug.abi32  0xa0004804        0x0 build/default/production/fatfs/ff.o
 .mdebug.abi32  0xa0004804        0x0 build/default/production/user.o
 .mdebug.abi32  0xa0004804        0x0 build/default/production/oneshot.o
 .mdebug.abi32  0xa0004804        0x0 build/default/production/rimbox.o
 .mdebug.abi32  0xa0004804        0x0 build/default/production/cryo.o
 .mdebug.abi32  0xa0004804        0x0 build/default/production/commands.o
 .mdebug.abi32  0xa0004804        0x0 build/default/production/diode.o
 .mdebug.abi32  0xa0004804        0x0 build/default/production/fan.o
 .mdebug.abi32  0xa0004804        0x0 build/default/production/adc.o
 .mdebug.abi32  0xa0004804        0x0 build/default/production/temperature.o
 .mdebug.abi32  0xa0004804        0x0 build/default/production/vacuum.o
 .mdebug.abi32  0xa0004804        0x0 build/default/production/autostart.o
 .mdebug.abi32  0xa0004804        0x0 build/default/production/accel_1.o
 .mdebug.abi32  0xa0004804        0x0 build/default/production/relay.o
 .mdebug.abi32  0xa0004804        0x0 build/default/production/tc74.o
 .mdebug.abi32  0xa0004804        0x0 build/default/production/file_utils.o
 .mdebug.abi32  0xa0004804        0x0 build/default/production/voltages.o
 .mdebug.abi32  0xa0004804        0x0 ..\..\Program Files (x86)\Microchip\xc32\v2.15\pic32mx\lib\libmchp_peripheral_32MX795F512L.a(open_core_timer_lib.o)
 .mdebug.abi32  0xa0004804        0x0 ..\..\Program Files (x86)\Microchip\xc32\v2.15\pic32mx\lib\libmchp_peripheral_32MX795F512L.a(update_core_timer_lib.o)
 .mdebug.abi32  0xa0004804        0x0 ..\..\Program Files (x86)\Microchip\xc32\v2.15\pic32mx\lib\libmchp_peripheral_32MX795F512L.a(soft_reset_lib.o)
 .mdebug.abi32  0xa0004804        0x0 ..\..\Program Files (x86)\Microchip\xc32\v2.15\pic32mx\lib\libmchp_peripheral_32MX795F512L.a(pcache.o)
 .mdebug.abi32  0xa0004804        0x0 ..\..\Program Files (x86)\Microchip\xc32\v2.15\pic32mx\lib\libmchp_peripheral_32MX795F512L.a(int_configure_system_lib.o)
 .mdebug.abi32  0xa0004804        0x0 ..\..\Program Files (x86)\Microchip\xc32\v2.15\pic32mx\lib\libmchp_peripheral_32MX795F512L.a(int_disable_interrupts_lib.o)
 .mdebug.abi32  0xa0004804        0x0 ..\..\Program Files (x86)\Microchip\xc32\v2.15\pic32mx\lib\libmchp_peripheral_32MX795F512L.a(int_restore_interrupts_lib.o)
 .mdebug.abi32  0xa0004804        0x0 ..\..\Program Files (x86)\Microchip\xc32\v2.15\pic32mx\lib\libmchp_peripheral_32MX795F512L.a(int_enable_mv_int_lib.o)
 .mdebug.abi32  0xa0004804        0x0 ..\..\Program Files (x86)\Microchip\xc32\v2.15\pic32mx\lib\libmchp_peripheral_32MX795F512L.a(spi_chn_getc_lib.o)
 .mdebug.abi32  0xa0004804        0x0 ..\..\Program Files (x86)\Microchip\xc32\v2.15\pic32mx\lib\libmchp_peripheral_32MX795F512L.a(spi_chn_open_lib.o)
 .mdebug.abi32  0xa0004804        0x0 ..\..\Program Files (x86)\Microchip\xc32\v2.15\pic32mx\lib\libmchp_peripheral_32MX795F512L.a(spi_chn_putc_lib.o)
 .mdebug.abi32  0xa0004804        0x0 ..\..\Program Files (x86)\Microchip\xc32\v2.15\pic32mx\lib\libmchp_peripheral_32MX795F512L.a(spi_io_tbl_libp.o)
 .mdebug.abi32  0xa0004804        0x0 ..\..\Program Files (x86)\Microchip\xc32\v2.15\pic32mx\lib\libmchp_peripheral_32MX795F512L.a(spi_map_tbl_libp.o)
 .mdebug.abi32  0xa0004804        0x0 ..\..\Program Files (x86)\Microchip\xc32\v2.15\pic32mx\lib\libmchp_peripheral_32MX795F512L.a(port_set_pins_digital_in_lib.o)
 .mdebug.abi32  0xa0004804        0x0 ..\..\Program Files (x86)\Microchip\xc32\v2.15\pic32mx\lib\libmchp_peripheral_32MX795F512L.a(port_set_pins_digital_out_lib.o)
 .mdebug.abi32  0xa0004804        0x0 ..\..\Program Files (x86)\Microchip\xc32\v2.15\pic32mx\lib\libmchp_peripheral_32MX795F512L.a(port_read_bits_lib.o)
 .mdebug.abi32  0xa0004804        0x0 ..\..\Program Files (x86)\Microchip\xc32\v2.15\pic32mx\lib\libmchp_peripheral_32MX795F512L.a(_ports_tbl_libp.o)
 .mdebug.abi32  0xa0004804        0x0 ..\..\Program Files (x86)\Microchip\xc32\v2.15\pic32mx\lib\libmchp_peripheral_32MX795F512L.a(uart_lib.o)
 .mdebug.abi32  0xa0004804        0x0 ..\..\Program Files (x86)\Microchip\xc32\v2.15\pic32mx\lib\libmchp_peripheral_32MX795F512L.a(I2CAcknowledgeByte.o)
 .mdebug.abi32  0xa0004804        0x0 ..\..\Program Files (x86)\Microchip\xc32\v2.15\pic32mx\lib\libmchp_peripheral_32MX795F512L.a(I2CAcknowledgeHasCompleted.o)
 .mdebug.abi32  0xa0004804        0x0 ..\..\Program Files (x86)\Microchip\xc32\v2.15\pic32mx\lib\libmchp_peripheral_32MX795F512L.a(I2CBusIsIdle.o)
 .mdebug.abi32  0xa0004804        0x0 ..\..\Program Files (x86)\Microchip\xc32\v2.15\pic32mx\lib\libmchp_peripheral_32MX795F512L.a(I2CByteWasAcknowledged.o)
 .mdebug.abi32  0xa0004804        0x0 ..\..\Program Files (x86)\Microchip\xc32\v2.15\pic32mx\lib\libmchp_peripheral_32MX795F512L.a(I2CConfigure.o)
 .mdebug.abi32  0xa0004804        0x0 ..\..\Program Files (x86)\Microchip\xc32\v2.15\pic32mx\lib\libmchp_peripheral_32MX795F512L.a(I2CEnable.o)
 .mdebug.abi32  0xa0004804        0x0 ..\..\Program Files (x86)\Microchip\xc32\v2.15\pic32mx\lib\libmchp_peripheral_32MX795F512L.a(I2CGetByte.o)
 .mdebug.abi32  0xa0004804        0x0 ..\..\Program Files (x86)\Microchip\xc32\v2.15\pic32mx\lib\libmchp_peripheral_32MX795F512L.a(I2CGetStatus.o)
 .mdebug.abi32  0xa0004804        0x0 ..\..\Program Files (x86)\Microchip\xc32\v2.15\pic32mx\lib\libmchp_peripheral_32MX795F512L.a(I2CReceivedDataIsAvailable.o)
 .mdebug.abi32  0xa0004804        0x0 ..\..\Program Files (x86)\Microchip\xc32\v2.15\pic32mx\lib\libmchp_peripheral_32MX795F512L.a(I2CReceiverEnable.o)
 .mdebug.abi32  0xa0004804        0x0 ..\..\Program Files (x86)\Microchip\xc32\v2.15\pic32mx\lib\libmchp_peripheral_32MX795F512L.a(I2CRepeatStart.o)
 .mdebug.abi32  0xa0004804        0x0 ..\..\Program Files (x86)\Microchip\xc32\v2.15\pic32mx\lib\libmchp_peripheral_32MX795F512L.a(I2CSendByte.o)
 .mdebug.abi32  0xa0004804        0x0 ..\..\Program Files (x86)\Microchip\xc32\v2.15\pic32mx\lib\libmchp_peripheral_32MX795F512L.a(I2CSetFrequency.o)
 .mdebug.abi32  0xa0004804        0x0 ..\..\Program Files (x86)\Microchip\xc32\v2.15\pic32mx\lib\libmchp_peripheral_32MX795F512L.a(I2CStart.o)
 .mdebug.abi32  0xa0004804        0x0 ..\..\Program Files (x86)\Microchip\xc32\v2.15\pic32mx\lib\libmchp_peripheral_32MX795F512L.a(I2CStop.o)
 .mdebug.abi32  0xa0004804        0x0 ..\..\Program Files (x86)\Microchip\xc32\v2.15\pic32mx\lib\libmchp_peripheral_32MX795F512L.a(I2CTransmissionHasCompleted.o)
 .mdebug.abi32  0xa0004804        0x0 ..\..\Program Files (x86)\Microchip\xc32\v2.15\pic32mx\lib\libmchp_peripheral_32MX795F512L.a(I2CTransmitterIsReady.o)
 .mdebug.abi32  0xa0004804        0x0 ..\..\Program Files (x86)\Microchip\xc32\v2.15\pic32mx\lib\libmchp_peripheral_32MX795F512L.a(int_enable_interrupts_lib.o)
 .mdebug.abi32  0xa0004804        0x0 ..\..\Program Files (x86)\Microchip\xc32\v2.15\pic32mx\lib\libmchp_peripheral_32MX795F512L.a(int_tbl_lib.o)
 .mdebug.abi32  0xa0004804        0x0 ..\..\Program Files (x86)\Microchip\xc32\v2.15\pic32mx\lib\libmchp_peripheral_32MX795F512L.a(I2CPrivate.o)
 .mdebug.abi32  0xa0004804        0x0 c:/program files (x86)/microchip/xc32/v2.15/bin/bin/../../lib/gcc/pic32mx/4.8.3\libgcc.a(floatunsisf.o)
 .mdebug.abi32  0xa0004804        0x0 c:/program files (x86)/microchip/xc32/v2.15/bin/bin/../../lib/gcc/pic32mx/4.8.3/../../../../pic32mx/lib\libpic32.a(default-bootstrap-exception-handler.o)
 .mdebug.abi32  0xa0004804        0x0 c:/program files (x86)/microchip/xc32/v2.15/bin/bin/../../lib/gcc/pic32mx/4.8.3/../../../../pic32mx/lib\libpic32.a(default-on-reset.o)
 .mdebug.abi32  0xa0004804        0x0 c:/program files (x86)/microchip/xc32/v2.15/bin/bin/../../lib/gcc/pic32mx/4.8.3/../../../../pic32mx/lib\libpic32.a(default-on-bootstrap.o)
 .mdebug.abi32  0xa0004804        0x0 c:/program files (x86)/microchip/xc32/v2.15/bin/bin/../../lib/gcc/pic32mx/4.8.3/../../../../pic32mx/lib\libpic32.a(default-general-exception-handler.o)
 .mdebug.abi32  0xa0004804        0x0 c:/program files (x86)/microchip/xc32/v2.15/bin/bin/../../lib/gcc/pic32mx/4.8.3/../../../../pic32mx/lib\libpic32.a(defaultinterrupt.o)
 .mdebug.abi32  0xa0004804        0x0 c:/program files (x86)/microchip/xc32/v2.15/bin/bin/../../lib/gcc/pic32mx/4.8.3/../../../../pic32mx/lib\liblega-c.a(strcat.o)
 .mdebug.abi32  0xa0004804        0x0 c:/program files (x86)/microchip/xc32/v2.15/bin/bin/../../lib/gcc/pic32mx/4.8.3/../../../../pic32mx/lib\liblega-c.a(strrchr.o)
 .mdebug.abi32  0xa0004804        0x0 c:/program files (x86)/microchip/xc32/v2.15/bin/bin/../../lib/gcc/pic32mx/4.8.3/../../../../pic32mx/lib\liblega-c.a(strtok.o)
 .mdebug.abi32  0xa0004804        0x0 c:/program files (x86)/microchip/xc32/v2.15/bin/bin/../../lib/gcc/pic32mx/4.8.3/../../../../pic32mx/lib\liblega-c.a(strcasecmp.o)
 .mdebug.abi32  0xa0004804        0x0 c:/program files (x86)/microchip/xc32/v2.15/bin/bin/../../lib/gcc/pic32mx/4.8.3/../../../../pic32mx/lib\liblega-c.a(ctype.o)
 .mdebug.abi32  0xa0004804        0x0 c:/program files (x86)/microchip/xc32/v2.15/bin/bin/../../lib/gcc/pic32mx/4.8.3/../../../../pic32mx/lib\liblega-c.a(atoi.o)
 .mdebug.abi32  0xa0004804        0x0 c:/program files (x86)/microchip/xc32/v2.15/bin/bin/../../lib/gcc/pic32mx/4.8.3/../../../../pic32mx/lib\liblega-c.a(strtol.o)
 .mdebug.abi32  0xa0004804        0x0 c:/program files (x86)/microchip/xc32/v2.15/bin/bin/../../lib/gcc/pic32mx/4.8.3/../../../../pic32mx/lib\liblega-c.a(sprintf_cdeEfFnopsuxX.eo)
 .mdebug.abi32  0xa0004804        0x0 c:/program files (x86)/microchip/xc32/v2.15/bin/bin/../../lib/gcc/pic32mx/4.8.3/../../../../pic32mx/lib\liblega-c.a(sscanf_cdfFnopuxX.eo)
 .mdebug.abi32  0xa0004804        0x0 c:/program files (x86)/microchip/xc32/v2.15/bin/bin/../../lib/gcc/pic32mx/4.8.3/../../../../pic32mx/lib\liblega-c.a(stubs.o)
 .mdebug.abi32  0xa0004804        0x0 c:/program files (x86)/microchip/xc32/v2.15/bin/bin/../../lib/gcc/pic32mx/4.8.3/../../../../pic32mx/lib\liblega-c.a(strspn.o)
 .mdebug.abi32  0xa0004804        0x0 c:/program files (x86)/microchip/xc32/v2.15/bin/bin/../../lib/gcc/pic32mx/4.8.3/../../../../pic32mx/lib\liblega-c.a(strcspn.o)
 .mdebug.abi32  0xa0004804        0x0 c:/program files (x86)/microchip/xc32/v2.15/bin/bin/../../lib/gcc/pic32mx/4.8.3/../../../../pic32mx/lib\liblega-c.a(errno.o)
 .mdebug.abi32  0xa0004804        0x0 c:/program files (x86)/microchip/xc32/v2.15/bin/bin/../../lib/gcc/pic32mx/4.8.3/../../../../pic32mx/lib\liblega-c.a(_doprnt_cdeEfFnopsuxX.eo)
 .mdebug.abi32  0xa0004804        0x0 c:/program files (x86)/microchip/xc32/v2.15/bin/bin/../../lib/gcc/pic32mx/4.8.3/../../../../pic32mx/lib\liblega-c.a(_iobdata.o)
 .mdebug.abi32  0xa0004804        0x0 c:/program files (x86)/microchip/xc32/v2.15/bin/bin/../../lib/gcc/pic32mx/4.8.3/../../../../pic32mx/lib\liblega-c.a(_iobfuncs.o)
 .mdebug.abi32  0xa0004804        0x0 c:/program files (x86)/microchip/xc32/v2.15/bin/bin/../../lib/gcc/pic32mx/4.8.3/../../../../pic32mx/lib\liblega-c.a(_iobstring.o)
 .mdebug.abi32  0xa0004804        0x0 c:/program files (x86)/microchip/xc32/v2.15/bin/bin/../../lib/gcc/pic32mx/4.8.3/../../../../pic32mx/lib\liblega-c.a(fputc.o)
 .mdebug.abi32  0xa0004804        0x0 c:/program files (x86)/microchip/xc32/v2.15/bin/bin/../../lib/gcc/pic32mx/4.8.3/../../../../pic32mx/lib\liblega-c.a(_doscan.o)
 .mdebug.abi32  0xa0004804        0x0 c:/program files (x86)/microchip/xc32/v2.15/bin/bin/../../lib/gcc/pic32mx/4.8.3/../../../../pic32mx/lib\liblega-c.a(strchr.o)
 .mdebug.abi32  0xa0004804        0x0 c:/program files (x86)/microchip/xc32/v2.15/bin/bin/../../lib/gcc/pic32mx/4.8.3/../../../../pic32mx/lib\liblega-c.a(memset.o)
 .mdebug.abi32  0xa0004804        0x0 c:/program files (x86)/microchip/xc32/v2.15/bin/bin/../../lib/gcc/pic32mx/4.8.3/../../../../pic32mx/lib\liblega-c.a(malloc.o)
 .mdebug.abi32  0xa0004804        0x0 c:/program files (x86)/microchip/xc32/v2.15/bin/bin/../../lib/gcc/pic32mx/4.8.3/../../../../pic32mx/lib\liblega-c.a(malloc_realloc.o)
 .mdebug.abi32  0xa0004804        0x0 c:/program files (x86)/microchip/xc32/v2.15/bin/bin/../../lib/gcc/pic32mx/4.8.3/../../../../pic32mx/lib\liblega-c.a(strtoul.o)
 .mdebug.abi32  0xa0004804        0x0 c:/program files (x86)/microchip/xc32/v2.15/bin/bin/../../lib/gcc/pic32mx/4.8.3/../../../../pic32mx/lib\liblega-c.a(strtoll.o)
 .mdebug.abi32  0xa0004804        0x0 c:/program files (x86)/microchip/xc32/v2.15/bin/bin/../../lib/gcc/pic32mx/4.8.3/../../../../pic32mx/lib\liblega-c.a(strtoull.o)
 .mdebug.abi32  0xa0004804        0x0 c:/program files (x86)/microchip/xc32/v2.15/bin/bin/../../lib/gcc/pic32mx/4.8.3/../../../../pic32mx/lib\liblega-c.a(strtod.o)
 .mdebug.abi32  0xa0004804        0x0 c:/program files (x86)/microchip/xc32/v2.15/bin/bin/../../lib/gcc/pic32mx/4.8.3/../../../../pic32mx/lib\liblega-c.a(strtof.o)
 .mdebug.abi32  0xa0004804        0x0 c:/program files (x86)/microchip/xc32/v2.15/bin/bin/../../lib/gcc/pic32mx/4.8.3/../../../../pic32mx/lib\liblega-c.a(fullexit.o)
 .mdebug.abi32  0xa0004804        0x0 c:/program files (x86)/microchip/xc32/v2.15/bin/bin/../../lib/gcc/pic32mx/4.8.3/../../../../pic32mx/lib\liblega-c.a(fgetc.o)
 .mdebug.abi32  0xa0004804        0x0 c:/program files (x86)/microchip/xc32/v2.15/bin/bin/../../lib/gcc/pic32mx/4.8.3/../../../../pic32mx/lib\liblega-c.a(ungetc.o)
 .mdebug.abi32  0xa0004804        0x0 c:/program files (x86)/microchip/xc32/v2.15/bin/bin/../../lib/gcc/pic32mx/4.8.3/../../../../pic32mx/lib\liblega-c.a(memmove.o)
 .mdebug.abi32  0xa0004804        0x0 c:/program files (x86)/microchip/xc32/v2.15/bin/bin/../../lib/gcc/pic32mx/4.8.3/../../../../pic32mx/lib\liblega-c.a(_ioinit.o)
 .mdebug.abi32  0xa0004804        0x0 c:/program files (x86)/microchip/xc32/v2.15/bin/bin/../../lib/gcc/pic32mx/4.8.3/../../../../pic32mx/lib\liblega-c.a(_cleanup.o)
 .mdebug.abi32  0xa0004804        0x0 c:/program files (x86)/microchip/xc32/v2.15/bin/bin/../../lib/gcc/pic32mx/4.8.3/../../../../pic32mx/lib\liblega-c.a(_bufproc.o)
 .mdebug.abi32  0xa0004804        0x0 c:/program files (x86)/microchip/xc32/v2.15/bin/bin/../../lib/gcc/pic32mx/4.8.3/../../../../pic32mx/lib\libm.a(w_powf.o)
 .mdebug.abi32  0xa0004804        0x0 c:/program files (x86)/microchip/xc32/v2.15/bin/bin/../../lib/gcc/pic32mx/4.8.3/../../../../pic32mx/lib\libm.a(w_sqrtf.o)
 .mdebug.abi32  0xa0004804        0x0 c:/program files (x86)/microchip/xc32/v2.15/bin/bin/../../lib/gcc/pic32mx/4.8.3/../../../../pic32mx/lib\libm.a(__strtod.o)
 .mdebug.abi32  0xa0004804        0x0 c:/program files (x86)/microchip/xc32/v2.15/bin/bin/../../lib/gcc/pic32mx/4.8.3/../../../../pic32mx/lib\libm.a(__strtof.o)
 .mdebug.abi32  0xa0004804        0x0 c:/program files (x86)/microchip/xc32/v2.15/bin/bin/../../lib/gcc/pic32mx/4.8.3/../../../../pic32mx/lib\libm.a(s_lib_ver.o)
 .mdebug.abi32  0xa0004804        0x0 c:/program files (x86)/microchip/xc32/v2.15/bin/bin/../../lib/gcc/pic32mx/4.8.3/../../../../pic32mx/lib\libe.a(_ldexp.o)
 .mdebug.abi32  0xa0004804        0x0 c:/program files (x86)/microchip/xc32/v2.15/bin/bin/../../lib/gcc/pic32mx/4.8.3/../../../../pic32mx/lib\libe.a(_ldexpf.o)
 .mdebug.abi32  0xa0004804        0x0 c:/program files (x86)/microchip/xc32/v2.15/bin/bin/../../lib/gcc/pic32mx/4.8.3\libgcc.a(_lshrdi3.o)
 .mdebug.abi32  0xa0004804        0x0 c:/program files (x86)/microchip/xc32/v2.15/bin/bin/../../lib/gcc/pic32mx/4.8.3\libgcc.a(_ashldi3.o)
 .mdebug.abi32  0xa0004804        0x0 c:/program files (x86)/microchip/xc32/v2.15/bin/bin/../../lib/gcc/pic32mx/4.8.3\libgcc.a(_divdi3.o)
 .mdebug.abi32  0xa0004804        0x0 c:/program files (x86)/microchip/xc32/v2.15/bin/bin/../../lib/gcc/pic32mx/4.8.3\libgcc.a(_udivdi3.o)
 .mdebug.abi32  0xa0004804        0x0 c:/program files (x86)/microchip/xc32/v2.15/bin/bin/../../lib/gcc/pic32mx/4.8.3\libgcc.a(_umoddi3.o)
 .mdebug.abi32  0xa0004804        0x0 c:/program files (x86)/microchip/xc32/v2.15/bin/bin/../../lib/gcc/pic32mx/4.8.3/../../../../pic32mx/lib\libpic32.a(sbrk.o)
 .mdebug.abi32  0xa0004804        0x0 c:/program files (x86)/microchip/xc32/v2.15/bin/bin/../../lib/gcc/pic32mx/4.8.3/../../../../pic32mx/lib\libpic32.a(_exit.o)
 .mdebug.abi32  0xa0004804        0x0 c:/program files (x86)/microchip/xc32/v2.15/bin/bin/../../lib/gcc/pic32mx/4.8.3/../../../../pic32mx/lib\libpic32.a(isatty.o)
 .mdebug.abi32  0xa0004804        0x0 c:/program files (x86)/microchip/xc32/v2.15/bin/bin/../../lib/gcc/pic32mx/4.8.3/../../../../pic32mx/lib\libpic32.a(_mon_getc.o)
 .mdebug.abi32  0xa0004804        0x0 c:/program files (x86)/microchip/xc32/v2.15/bin/bin/../../lib/gcc/pic32mx/4.8.3/../../../../pic32mx/lib\libpic32.a(_mon_write.o)
 .mdebug.abi32  0xa0004804        0x0 c:/program files (x86)/microchip/xc32/v2.15/bin/bin/../../lib/gcc/pic32mx/4.8.3/../../../../pic32mx/lib\libpic32.a(xc32_uart.o)
 .mdebug.abi32  0xa0004804        0x0 c:/program files (x86)/microchip/xc32/v2.15/bin/bin/../../lib/gcc/pic32mx/4.8.3/../../../../pic32mx/lib\libpic32.a(isinf.o)
 .mdebug.abi32  0xa0004804        0x0 c:/program files (x86)/microchip/xc32/v2.15/bin/bin/../../lib/gcc/pic32mx/4.8.3/../../../../pic32mx/lib\libpic32.a(_mon_putc.o)
 .mdebug.abi32  0xa0004804        0x0 c:/program files (x86)/microchip/xc32/v2.15/bin/bin/../../lib/gcc/pic32mx/4.8.3/../../../../pic32mx/lib\libe.a(_unorddf2.o)

.mdebug.abiN32
 *(.mdebug.abiN32)

.mdebug.abi64
 *(.mdebug.abi64)

.mdebug.abiO64
 *(.mdebug.abiO64)

.mdebug.eabi32
 *(.mdebug.eabi32)

.mdebug.eabi64
 *(.mdebug.eabi64)

.gcc_compiled_long32
 *(.gcc_compiled_long32)

.gcc_compiled_long64
 *(.gcc_compiled_long64)

.stab
 *(.stab)

.stabstr
 *(.stabstr)

.stab.excl
 *(.stab.excl)

.stab.exclstr
 *(.stab.exclstr)

.stab.index
 *(.stab.index)

.stab.indexstr
 *(.stab.indexstr)

.comment        0x00000000      0xca4
 *(.comment)
 .comment       0x00000000       0x3c build/default/production/main.o
                                 0x3d (size before relaxing)
 .comment       0x00000000       0x3d build/default/production/configuration_bits.o
 .comment       0x00000000       0x3d build/default/production/system.o
 .comment       0x00000000       0x3d build/default/production/interrupts.o
 .comment       0x00000000       0x3d build/default/production/fatfs/diskio.o
 .comment       0x00000000       0x3d build/default/production/fatfs/ff.o
 .comment       0x00000000       0x3d build/default/production/user.o
 .comment       0x00000000       0x3d build/default/production/oneshot.o
 .comment       0x00000000       0x3d build/default/production/rimbox.o
 .comment       0x00000000       0x3d build/default/production/cryo.o
 .comment       0x00000000       0x3d build/default/production/commands.o
 .comment       0x00000000       0x3d build/default/production/diode.o
 .comment       0x00000000       0x3d build/default/production/fan.o
 .comment       0x00000000       0x3d build/default/production/adc.o
 .comment       0x00000000       0x3d build/default/production/temperature.o
 .comment       0x00000000       0x3d build/default/production/vacuum.o
 .comment       0x00000000       0x3d build/default/production/autostart.o
 .comment       0x00000000       0x3d build/default/production/accel_1.o
 .comment       0x00000000       0x3d build/default/production/relay.o
 .comment       0x00000000       0x3d build/default/production/tc74.o
 .comment       0x00000000       0x3d build/default/production/file_utils.o
 .comment       0x00000000       0x3d build/default/production/voltages.o
 .comment       0x0000003c       0x3c ..\..\Program Files (x86)\Microchip\xc32\v2.15\pic32mx\lib\libmchp_peripheral_32MX795F512L.a(open_core_timer_lib.o)
                                 0x3d (size before relaxing)
 .comment       0x00000000       0x3d ..\..\Program Files (x86)\Microchip\xc32\v2.15\pic32mx\lib\libmchp_peripheral_32MX795F512L.a(update_core_timer_lib.o)
 .comment       0x00000000       0x3d ..\..\Program Files (x86)\Microchip\xc32\v2.15\pic32mx\lib\libmchp_peripheral_32MX795F512L.a(soft_reset_lib.o)
 .comment       0x00000000       0x3d ..\..\Program Files (x86)\Microchip\xc32\v2.15\pic32mx\lib\libmchp_peripheral_32MX795F512L.a(pcache.o)
 .comment       0x00000000       0x3d ..\..\Program Files (x86)\Microchip\xc32\v2.15\pic32mx\lib\libmchp_peripheral_32MX795F512L.a(int_configure_system_lib.o)
 .comment       0x00000000       0x3d ..\..\Program Files (x86)\Microchip\xc32\v2.15\pic32mx\lib\libmchp_peripheral_32MX795F512L.a(int_disable_interrupts_lib.o)
 .comment       0x00000000       0x3d ..\..\Program Files (x86)\Microchip\xc32\v2.15\pic32mx\lib\libmchp_peripheral_32MX795F512L.a(int_restore_interrupts_lib.o)
 .comment       0x00000000       0x3d ..\..\Program Files (x86)\Microchip\xc32\v2.15\pic32mx\lib\libmchp_peripheral_32MX795F512L.a(int_enable_mv_int_lib.o)
 .comment       0x00000000       0x3d ..\..\Program Files (x86)\Microchip\xc32\v2.15\pic32mx\lib\libmchp_peripheral_32MX795F512L.a(spi_chn_getc_lib.o)
 .comment       0x00000000       0x3d ..\..\Program Files (x86)\Microchip\xc32\v2.15\pic32mx\lib\libmchp_peripheral_32MX795F512L.a(spi_chn_open_lib.o)
 .comment       0x00000000       0x3d ..\..\Program Files (x86)\Microchip\xc32\v2.15\pic32mx\lib\libmchp_peripheral_32MX795F512L.a(spi_chn_putc_lib.o)
 .comment       0x00000000       0x3d ..\..\Program Files (x86)\Microchip\xc32\v2.15\pic32mx\lib\libmchp_peripheral_32MX795F512L.a(spi_io_tbl_libp.o)
 .comment       0x00000000       0x3d ..\..\Program Files (x86)\Microchip\xc32\v2.15\pic32mx\lib\libmchp_peripheral_32MX795F512L.a(spi_map_tbl_libp.o)
 .comment       0x00000000       0x3d ..\..\Program Files (x86)\Microchip\xc32\v2.15\pic32mx\lib\libmchp_peripheral_32MX795F512L.a(port_set_pins_digital_in_lib.o)
 .comment       0x00000000       0x3d ..\..\Program Files (x86)\Microchip\xc32\v2.15\pic32mx\lib\libmchp_peripheral_32MX795F512L.a(port_set_pins_digital_out_lib.o)
 .comment       0x00000000       0x3d ..\..\Program Files (x86)\Microchip\xc32\v2.15\pic32mx\lib\libmchp_peripheral_32MX795F512L.a(port_read_bits_lib.o)
 .comment       0x00000000       0x3d ..\..\Program Files (x86)\Microchip\xc32\v2.15\pic32mx\lib\libmchp_peripheral_32MX795F512L.a(_ports_tbl_libp.o)
 .comment       0x00000000       0x3d ..\..\Program Files (x86)\Microchip\xc32\v2.15\pic32mx\lib\libmchp_peripheral_32MX795F512L.a(uart_lib.o)
 .comment       0x00000000       0x3d ..\..\Program Files (x86)\Microchip\xc32\v2.15\pic32mx\lib\libmchp_peripheral_32MX795F512L.a(I2CAcknowledgeByte.o)
 .comment       0x00000000       0x3d ..\..\Program Files (x86)\Microchip\xc32\v2.15\pic32mx\lib\libmchp_peripheral_32MX795F512L.a(I2CAcknowledgeHasCompleted.o)
 .comment       0x00000000       0x3d ..\..\Program Files (x86)\Microchip\xc32\v2.15\pic32mx\lib\libmchp_peripheral_32MX795F512L.a(I2CBusIsIdle.o)
 .comment       0x00000000       0x3d ..\..\Program Files (x86)\Microchip\xc32\v2.15\pic32mx\lib\libmchp_peripheral_32MX795F512L.a(I2CByteWasAcknowledged.o)
 .comment       0x00000000       0x3d ..\..\Program Files (x86)\Microchip\xc32\v2.15\pic32mx\lib\libmchp_peripheral_32MX795F512L.a(I2CConfigure.o)
 .comment       0x00000000       0x3d ..\..\Program Files (x86)\Microchip\xc32\v2.15\pic32mx\lib\libmchp_peripheral_32MX795F512L.a(I2CEnable.o)
 .comment       0x00000000       0x3d ..\..\Program Files (x86)\Microchip\xc32\v2.15\pic32mx\lib\libmchp_peripheral_32MX795F512L.a(I2CGetByte.o)
 .comment       0x00000000       0x3d ..\..\Program Files (x86)\Microchip\xc32\v2.15\pic32mx\lib\libmchp_peripheral_32MX795F512L.a(I2CGetStatus.o)
 .comment       0x00000000       0x3d ..\..\Program Files (x86)\Microchip\xc32\v2.15\pic32mx\lib\libmchp_peripheral_32MX795F512L.a(I2CReceivedDataIsAvailable.o)
 .comment       0x00000000       0x3d ..\..\Program Files (x86)\Microchip\xc32\v2.15\pic32mx\lib\libmchp_peripheral_32MX795F512L.a(I2CReceiverEnable.o)
 .comment       0x00000000       0x3d ..\..\Program Files (x86)\Microchip\xc32\v2.15\pic32mx\lib\libmchp_peripheral_32MX795F512L.a(I2CRepeatStart.o)
 .comment       0x00000000       0x3d ..\..\Program Files (x86)\Microchip\xc32\v2.15\pic32mx\lib\libmchp_peripheral_32MX795F512L.a(I2CSendByte.o)
 .comment       0x00000000       0x3d ..\..\Program Files (x86)\Microchip\xc32\v2.15\pic32mx\lib\libmchp_peripheral_32MX795F512L.a(I2CSetFrequency.o)
 .comment       0x00000000       0x3d ..\..\Program Files (x86)\Microchip\xc32\v2.15\pic32mx\lib\libmchp_peripheral_32MX795F512L.a(I2CStart.o)
 .comment       0x00000000       0x3d ..\..\Program Files (x86)\Microchip\xc32\v2.15\pic32mx\lib\libmchp_peripheral_32MX795F512L.a(I2CStop.o)
 .comment       0x00000000       0x3d ..\..\Program Files (x86)\Microchip\xc32\v2.15\pic32mx\lib\libmchp_peripheral_32MX795F512L.a(I2CTransmissionHasCompleted.o)
 .comment       0x00000000       0x3d ..\..\Program Files (x86)\Microchip\xc32\v2.15\pic32mx\lib\libmchp_peripheral_32MX795F512L.a(I2CTransmitterIsReady.o)
 .comment       0x00000000       0x3d ..\..\Program Files (x86)\Microchip\xc32\v2.15\pic32mx\lib\libmchp_peripheral_32MX795F512L.a(int_enable_interrupts_lib.o)
 .comment       0x00000000       0x3d ..\..\Program Files (x86)\Microchip\xc32\v2.15\pic32mx\lib\libmchp_peripheral_32MX795F512L.a(int_tbl_lib.o)
 .comment       0x00000000       0x3d ..\..\Program Files (x86)\Microchip\xc32\v2.15\pic32mx\lib\libmchp_peripheral_32MX795F512L.a(I2CPrivate.o)
 .comment       0x00000000       0x3d c:/program files (x86)/microchip/xc32/v2.15/bin/bin/../../lib/gcc/pic32mx/4.8.3\libgcc.a(floatunsisf.o)
 .comment       0x00000078       0x19 c:/program files (x86)/microchip/xc32/v2.15/bin/bin/../../lib/gcc/pic32mx/4.8.3/../../../../pic32mx/lib\libpic32.a(strcmp.o)
                                 0x1a (size before relaxing)
 .comment       0x00000091       0x19 c:/program files (x86)/microchip/xc32/v2.15/bin/bin/../../lib/gcc/pic32mx/4.8.3/../../../../pic32mx/lib\libpic32.a(strcpy.o)
                                 0x1a (size before relaxing)
 .comment       0x000000aa       0x19 c:/program files (x86)/microchip/xc32/v2.15/bin/bin/../../lib/gcc/pic32mx/4.8.3/../../../../pic32mx/lib\libpic32.a(strlen.o)
                                 0x1a (size before relaxing)
 .comment       0x00000000       0x3d c:/program files (x86)/microchip/xc32/v2.15/bin/bin/../../lib/gcc/pic32mx/4.8.3/../../../../pic32mx/lib\libpic32.a(default-bootstrap-exception-handler.o)
 .comment       0x00000000       0x3d c:/program files (x86)/microchip/xc32/v2.15/bin/bin/../../lib/gcc/pic32mx/4.8.3/../../../../pic32mx/lib\libpic32.a(default-on-reset.o)
 .comment       0x00000000       0x3d c:/program files (x86)/microchip/xc32/v2.15/bin/bin/../../lib/gcc/pic32mx/4.8.3/../../../../pic32mx/lib\libpic32.a(default-on-bootstrap.o)
 .comment       0x00000000       0x3d c:/program files (x86)/microchip/xc32/v2.15/bin/bin/../../lib/gcc/pic32mx/4.8.3/../../../../pic32mx/lib\libpic32.a(default-general-exception-handler.o)
 .comment       0x00000000       0x3d c:/program files (x86)/microchip/xc32/v2.15/bin/bin/../../lib/gcc/pic32mx/4.8.3/../../../../pic32mx/lib\libpic32.a(defaultinterrupt.o)
 .comment       0x000000c3       0x4f c:/program files (x86)/microchip/xc32/v2.15/bin/bin/../../lib/gcc/pic32mx/4.8.3/../../../../pic32mx/lib\liblega-c.a(strcat.o)
                                 0x8c (size before relaxing)
 .comment       0x00000112       0x50 c:/program files (x86)/microchip/xc32/v2.15/bin/bin/../../lib/gcc/pic32mx/4.8.3/../../../../pic32mx/lib\liblega-c.a(strrchr.o)
                                 0x8d (size before relaxing)
 .comment       0x00000162       0x4f c:/program files (x86)/microchip/xc32/v2.15/bin/bin/../../lib/gcc/pic32mx/4.8.3/../../../../pic32mx/lib\liblega-c.a(strtok.o)
                                 0x8c (size before relaxing)
 .comment       0x00000000       0x3d c:/program files (x86)/microchip/xc32/v2.15/bin/bin/../../lib/gcc/pic32mx/4.8.3/../../../../pic32mx/lib\liblega-c.a(strcasecmp.o)
 .comment       0x000001b1       0x4e c:/program files (x86)/microchip/xc32/v2.15/bin/bin/../../lib/gcc/pic32mx/4.8.3/../../../../pic32mx/lib\liblega-c.a(ctype.o)
                                 0x8b (size before relaxing)
 .comment       0x000001ff       0x4d c:/program files (x86)/microchip/xc32/v2.15/bin/bin/../../lib/gcc/pic32mx/4.8.3/../../../../pic32mx/lib\liblega-c.a(atoi.o)
                                 0x8a (size before relaxing)
 .comment       0x0000024c       0x4f c:/program files (x86)/microchip/xc32/v2.15/bin/bin/../../lib/gcc/pic32mx/4.8.3/../../../../pic32mx/lib\liblega-c.a(strtol.o)
                                 0x8c (size before relaxing)
 .comment       0x0000029b       0x52 c:/program files (x86)/microchip/xc32/v2.15/bin/bin/../../lib/gcc/pic32mx/4.8.3/../../../../pic32mx/lib\liblega-c.a(sprintf_cdeEfFnopsuxX.eo)
                                 0x8f (size before relaxing)
 .comment       0x000002ed       0x51 c:/program files (x86)/microchip/xc32/v2.15/bin/bin/../../lib/gcc/pic32mx/4.8.3/../../../../pic32mx/lib\liblega-c.a(sscanf_cdfFnopuxX.eo)
                                 0x8e (size before relaxing)
 .comment       0x0000033e       0x4e c:/program files (x86)/microchip/xc32/v2.15/bin/bin/../../lib/gcc/pic32mx/4.8.3/../../../../pic32mx/lib\liblega-c.a(stubs.o)
                                 0x8b (size before relaxing)
 .comment       0x0000038c       0x4f c:/program files (x86)/microchip/xc32/v2.15/bin/bin/../../lib/gcc/pic32mx/4.8.3/../../../../pic32mx/lib\liblega-c.a(strspn.o)
                                 0x8c (size before relaxing)
 .comment       0x000003db       0x50 c:/program files (x86)/microchip/xc32/v2.15/bin/bin/../../lib/gcc/pic32mx/4.8.3/../../../../pic32mx/lib\liblega-c.a(strcspn.o)
                                 0x8d (size before relaxing)
 .comment       0x0000042b       0x4e c:/program files (x86)/microchip/xc32/v2.15/bin/bin/../../lib/gcc/pic32mx/4.8.3/../../../../pic32mx/lib\liblega-c.a(errno.o)
                                 0x8b (size before relaxing)
 .comment       0x00000479       0x52 c:/program files (x86)/microchip/xc32/v2.15/bin/bin/../../lib/gcc/pic32mx/4.8.3/../../../../pic32mx/lib\liblega-c.a(_doprnt_cdeEfFnopsuxX.eo)
                                 0x8f (size before relaxing)
 .comment       0x000004cb       0x53 c:/program files (x86)/microchip/xc32/v2.15/bin/bin/../../lib/gcc/pic32mx/4.8.3/../../../../pic32mx/lib\liblega-c.a(_iobdata.o)
                                 0x90 (size before relaxing)
 .comment       0x0000051e       0x54 c:/program files (x86)/microchip/xc32/v2.15/bin/bin/../../lib/gcc/pic32mx/4.8.3/../../../../pic32mx/lib\liblega-c.a(_iobfuncs.o)
                                 0x91 (size before relaxing)
 .comment       0x00000572       0x55 c:/program files (x86)/microchip/xc32/v2.15/bin/bin/../../lib/gcc/pic32mx/4.8.3/../../../../pic32mx/lib\liblega-c.a(_iobstring.o)
                                 0x92 (size before relaxing)
 .comment       0x000005c7       0x50 c:/program files (x86)/microchip/xc32/v2.15/bin/bin/../../lib/gcc/pic32mx/4.8.3/../../../../pic32mx/lib\liblega-c.a(fputc.o)
                                 0x8d (size before relaxing)
 .comment       0x00000617       0x52 c:/program files (x86)/microchip/xc32/v2.15/bin/bin/../../lib/gcc/pic32mx/4.8.3/../../../../pic32mx/lib\liblega-c.a(_doscan.o)
                                 0x8f (size before relaxing)
 .comment       0x00000669       0x4f c:/program files (x86)/microchip/xc32/v2.15/bin/bin/../../lib/gcc/pic32mx/4.8.3/../../../../pic32mx/lib\liblega-c.a(strchr.o)
                                 0x8c (size before relaxing)
 .comment       0x000006b8       0x4f c:/program files (x86)/microchip/xc32/v2.15/bin/bin/../../lib/gcc/pic32mx/4.8.3/../../../../pic32mx/lib\liblega-c.a(memset.o)
                                 0x8c (size before relaxing)
 .comment       0x00000000       0x3d c:/program files (x86)/microchip/xc32/v2.15/bin/bin/../../lib/gcc/pic32mx/4.8.3/../../../../pic32mx/lib\liblega-c.a(malloc.o)
 .comment       0x00000000       0x3d c:/program files (x86)/microchip/xc32/v2.15/bin/bin/../../lib/gcc/pic32mx/4.8.3/../../../../pic32mx/lib\liblega-c.a(malloc_realloc.o)
 .comment       0x00000707       0x50 c:/program files (x86)/microchip/xc32/v2.15/bin/bin/../../lib/gcc/pic32mx/4.8.3/../../../../pic32mx/lib\liblega-c.a(strtoul.o)
                                 0x8d (size before relaxing)
 .comment       0x00000757       0x50 c:/program files (x86)/microchip/xc32/v2.15/bin/bin/../../lib/gcc/pic32mx/4.8.3/../../../../pic32mx/lib\liblega-c.a(strtoll.o)
                                 0x8d (size before relaxing)
 .comment       0x000007a7       0x51 c:/program files (x86)/microchip/xc32/v2.15/bin/bin/../../lib/gcc/pic32mx/4.8.3/../../../../pic32mx/lib\liblega-c.a(strtoull.o)
                                 0x8e (size before relaxing)
 .comment       0x000007f8       0x4f c:/program files (x86)/microchip/xc32/v2.15/bin/bin/../../lib/gcc/pic32mx/4.8.3/../../../../pic32mx/lib\liblega-c.a(strtod.o)
                                 0x8c (size before relaxing)
 .comment       0x00000000       0x8c c:/program files (x86)/microchip/xc32/v2.15/bin/bin/../../lib/gcc/pic32mx/4.8.3/../../../../pic32mx/lib\liblega-c.a(strtof.o)
 .comment       0x00000847       0x51 c:/program files (x86)/microchip/xc32/v2.15/bin/bin/../../lib/gcc/pic32mx/4.8.3/../../../../pic32mx/lib\liblega-c.a(fullexit.o)
                                 0x8e (size before relaxing)
 .comment       0x00000898       0x50 c:/program files (x86)/microchip/xc32/v2.15/bin/bin/../../lib/gcc/pic32mx/4.8.3/../../../../pic32mx/lib\liblega-c.a(fgetc.o)
                                 0x8d (size before relaxing)
 .comment       0x000008e8       0x51 c:/program files (x86)/microchip/xc32/v2.15/bin/bin/../../lib/gcc/pic32mx/4.8.3/../../../../pic32mx/lib\liblega-c.a(ungetc.o)
                                 0x8e (size before relaxing)
 .comment       0x00000939       0x50 c:/program files (x86)/microchip/xc32/v2.15/bin/bin/../../lib/gcc/pic32mx/4.8.3/../../../../pic32mx/lib\liblega-c.a(memmove.o)
                                 0x8d (size before relaxing)
 .comment       0x00000989       0x52 c:/program files (x86)/microchip/xc32/v2.15/bin/bin/../../lib/gcc/pic32mx/4.8.3/../../../../pic32mx/lib\liblega-c.a(_ioinit.o)
                                 0x8f (size before relaxing)
 .comment       0x000009db       0x51 c:/program files (x86)/microchip/xc32/v2.15/bin/bin/../../lib/gcc/pic32mx/4.8.3/../../../../pic32mx/lib\liblega-c.a(_cleanup.o)
                                 0x8e (size before relaxing)
 .comment       0x00000a2c       0x53 c:/program files (x86)/microchip/xc32/v2.15/bin/bin/../../lib/gcc/pic32mx/4.8.3/../../../../pic32mx/lib\liblega-c.a(_bufproc.o)
                                 0x90 (size before relaxing)
 .comment       0x00000000       0x3d c:/program files (x86)/microchip/xc32/v2.15/bin/bin/../../lib/gcc/pic32mx/4.8.3/../../../../pic32mx/lib\libm.a(w_powf.o)
 .comment       0x00000000       0x3d c:/program files (x86)/microchip/xc32/v2.15/bin/bin/../../lib/gcc/pic32mx/4.8.3/../../../../pic32mx/lib\libm.a(w_sqrtf.o)
 .comment       0x00000a7f       0x9d c:/program files (x86)/microchip/xc32/v2.15/bin/bin/../../lib/gcc/pic32mx/4.8.3/../../../../pic32mx/lib\libm.a(__strtod.o)
                                 0xda (size before relaxing)
 .comment       0x00000b1c       0x4f c:/program files (x86)/microchip/xc32/v2.15/bin/bin/../../lib/gcc/pic32mx/4.8.3/../../../../pic32mx/lib\libm.a(__strtof.o)
                                 0xda (size before relaxing)
 .comment       0x00000000       0x3d c:/program files (x86)/microchip/xc32/v2.15/bin/bin/../../lib/gcc/pic32mx/4.8.3/../../../../pic32mx/lib\libm.a(s_lib_ver.o)
 .comment       0x00000b6b       0x50 c:/program files (x86)/microchip/xc32/v2.15/bin/bin/../../lib/gcc/pic32mx/4.8.3/../../../../pic32mx/lib\libe.a(_ldexp.o)
                                 0xdb (size before relaxing)
 .comment       0x00000bbb       0x50 c:/program files (x86)/microchip/xc32/v2.15/bin/bin/../../lib/gcc/pic32mx/4.8.3/../../../../pic32mx/lib\libe.a(_ldexpf.o)
                                 0xdb (size before relaxing)
 .comment       0x00000000       0x3d c:/program files (x86)/microchip/xc32/v2.15/bin/bin/../../lib/gcc/pic32mx/4.8.3\libgcc.a(_lshrdi3.o)
 .comment       0x00000000       0x3d c:/program files (x86)/microchip/xc32/v2.15/bin/bin/../../lib/gcc/pic32mx/4.8.3\libgcc.a(_ashldi3.o)
 .comment       0x00000000       0x3d c:/program files (x86)/microchip/xc32/v2.15/bin/bin/../../lib/gcc/pic32mx/4.8.3\libgcc.a(_divdi3.o)
 .comment       0x00000000       0x3d c:/program files (x86)/microchip/xc32/v2.15/bin/bin/../../lib/gcc/pic32mx/4.8.3\libgcc.a(_udivdi3.o)
 .comment       0x00000000       0x3d c:/program files (x86)/microchip/xc32/v2.15/bin/bin/../../lib/gcc/pic32mx/4.8.3\libgcc.a(_umoddi3.o)
 .comment       0x00000c0b       0x4b c:/program files (x86)/microchip/xc32/v2.15/bin/bin/../../lib/gcc/pic32mx/4.8.3/../../../../pic32mx/lib\libpic32.a(sbrk.o)
                                 0x88 (size before relaxing)
 .comment       0x00000000       0x3d c:/program files (x86)/microchip/xc32/v2.15/bin/bin/../../lib/gcc/pic32mx/4.8.3/../../../../pic32mx/lib\libpic32.a(_exit.o)
 .comment       0x00000c56       0x4e c:/program files (x86)/microchip/xc32/v2.15/bin/bin/../../lib/gcc/pic32mx/4.8.3/../../../../pic32mx/lib\libpic32.a(isatty.o)
                                 0x8b (size before relaxing)
 .comment       0x00000000       0x3d c:/program files (x86)/microchip/xc32/v2.15/bin/bin/../../lib/gcc/pic32mx/4.8.3/../../../../pic32mx/lib\libpic32.a(_mon_getc.o)
 .comment       0x00000000       0x3d c:/program files (x86)/microchip/xc32/v2.15/bin/bin/../../lib/gcc/pic32mx/4.8.3/../../../../pic32mx/lib\libpic32.a(_mon_write.o)
 .comment       0x00000000       0x3d c:/program files (x86)/microchip/xc32/v2.15/bin/bin/../../lib/gcc/pic32mx/4.8.3/../../../../pic32mx/lib\libpic32.a(xc32_uart.o)
 .comment       0x00000000       0x3d c:/program files (x86)/microchip/xc32/v2.15/bin/bin/../../lib/gcc/pic32mx/4.8.3/../../../../pic32mx/lib\libpic32.a(isinf.o)
 .comment       0x00000000       0x3d c:/program files (x86)/microchip/xc32/v2.15/bin/bin/../../lib/gcc/pic32mx/4.8.3/../../../../pic32mx/lib\libpic32.a(_mon_putc.o)
 .comment       0x00000000       0x8b c:/program files (x86)/microchip/xc32/v2.15/bin/bin/../../lib/gcc/pic32mx/4.8.3/../../../../pic32mx/lib\libe.a(_unorddf2.o)

.debug
 *(.debug)

.line
 *(.line)

.debug_srcinfo
 *(.debug_srcinfo)

.debug_sfnames
 *(.debug_sfnames)

.debug_aranges  0x00000000      0xaf8
 *(.debug_aranges)
 .debug_aranges
                0x00000000       0x20 build/default/production/main.o
 .debug_aranges
                0x00000020       0x18 build/default/production/configuration_bits.o
 .debug_aranges
                0x00000038       0x20 build/default/production/system.o
 .debug_aranges
                0x00000058       0x20 build/default/production/interrupts.o
 .debug_aranges
                0x00000078       0x20 build/default/production/fatfs/diskio.o
 .debug_aranges
                0x00000098       0x20 build/default/production/fatfs/ff.o
 .debug_aranges
                0x000000b8       0x20 build/default/production/user.o
 .debug_aranges
                0x000000d8       0x20 build/default/production/oneshot.o
 .debug_aranges
                0x000000f8       0x20 build/default/production/rimbox.o
 .debug_aranges
                0x00000118       0x20 build/default/production/cryo.o
 .debug_aranges
                0x00000138       0x20 build/default/production/commands.o
 .debug_aranges
                0x00000158       0x20 build/default/production/diode.o
 .debug_aranges
                0x00000178       0x20 build/default/production/fan.o
 .debug_aranges
                0x00000198       0x20 build/default/production/adc.o
 .debug_aranges
                0x000001b8       0x20 build/default/production/temperature.o
 .debug_aranges
                0x000001d8       0x20 build/default/production/vacuum.o
 .debug_aranges
                0x000001f8       0x20 build/default/production/autostart.o
 .debug_aranges
                0x00000218       0x20 build/default/production/accel_1.o
 .debug_aranges
                0x00000238       0x20 build/default/production/relay.o
 .debug_aranges
                0x00000258       0x20 build/default/production/tc74.o
 .debug_aranges
                0x00000278       0x20 build/default/production/file_utils.o
 .debug_aranges
                0x00000298       0x20 build/default/production/voltages.o
 .debug_aranges
                0x000002b8       0x20 ..\..\Program Files (x86)\Microchip\xc32\v2.15\pic32mx\lib\libmchp_peripheral_32MX795F512L.a(open_core_timer_lib.o)
 .debug_aranges
                0x000002d8       0x20 ..\..\Program Files (x86)\Microchip\xc32\v2.15\pic32mx\lib\libmchp_peripheral_32MX795F512L.a(update_core_timer_lib.o)
 .debug_aranges
                0x000002f8       0x20 ..\..\Program Files (x86)\Microchip\xc32\v2.15\pic32mx\lib\libmchp_peripheral_32MX795F512L.a(soft_reset_lib.o)
 .debug_aranges
                0x00000318       0x28 ..\..\Program Files (x86)\Microchip\xc32\v2.15\pic32mx\lib\libmchp_peripheral_32MX795F512L.a(pcache.o)
 .debug_aranges
                0x00000340       0x20 ..\..\Program Files (x86)\Microchip\xc32\v2.15\pic32mx\lib\libmchp_peripheral_32MX795F512L.a(int_configure_system_lib.o)
 .debug_aranges
                0x00000360       0x20 ..\..\Program Files (x86)\Microchip\xc32\v2.15\pic32mx\lib\libmchp_peripheral_32MX795F512L.a(int_disable_interrupts_lib.o)
 .debug_aranges
                0x00000380       0x20 ..\..\Program Files (x86)\Microchip\xc32\v2.15\pic32mx\lib\libmchp_peripheral_32MX795F512L.a(int_restore_interrupts_lib.o)
 .debug_aranges
                0x000003a0       0x20 ..\..\Program Files (x86)\Microchip\xc32\v2.15\pic32mx\lib\libmchp_peripheral_32MX795F512L.a(int_enable_mv_int_lib.o)
 .debug_aranges
                0x000003c0       0x28 ..\..\Program Files (x86)\Microchip\xc32\v2.15\pic32mx\lib\libmchp_peripheral_32MX795F512L.a(spi_chn_getc_lib.o)
 .debug_aranges
                0x000003e8       0x20 ..\..\Program Files (x86)\Microchip\xc32\v2.15\pic32mx\lib\libmchp_peripheral_32MX795F512L.a(spi_chn_open_lib.o)
 .debug_aranges
                0x00000408       0x30 ..\..\Program Files (x86)\Microchip\xc32\v2.15\pic32mx\lib\libmchp_peripheral_32MX795F512L.a(spi_chn_putc_lib.o)
 .debug_aranges
                0x00000438       0x20 ..\..\Program Files (x86)\Microchip\xc32\v2.15\pic32mx\lib\libmchp_peripheral_32MX795F512L.a(port_set_pins_digital_in_lib.o)
 .debug_aranges
                0x00000458       0x20 ..\..\Program Files (x86)\Microchip\xc32\v2.15\pic32mx\lib\libmchp_peripheral_32MX795F512L.a(port_set_pins_digital_out_lib.o)
 .debug_aranges
                0x00000478       0x20 ..\..\Program Files (x86)\Microchip\xc32\v2.15\pic32mx\lib\libmchp_peripheral_32MX795F512L.a(port_read_bits_lib.o)
 .debug_aranges
                0x00000498       0x58 ..\..\Program Files (x86)\Microchip\xc32\v2.15\pic32mx\lib\libmchp_peripheral_32MX795F512L.a(uart_lib.o)
 .debug_aranges
                0x000004f0       0x20 ..\..\Program Files (x86)\Microchip\xc32\v2.15\pic32mx\lib\libmchp_peripheral_32MX795F512L.a(I2CAcknowledgeByte.o)
 .debug_aranges
                0x00000510       0x20 ..\..\Program Files (x86)\Microchip\xc32\v2.15\pic32mx\lib\libmchp_peripheral_32MX795F512L.a(I2CAcknowledgeHasCompleted.o)
 .debug_aranges
                0x00000530       0x20 ..\..\Program Files (x86)\Microchip\xc32\v2.15\pic32mx\lib\libmchp_peripheral_32MX795F512L.a(I2CBusIsIdle.o)
 .debug_aranges
                0x00000550       0x20 ..\..\Program Files (x86)\Microchip\xc32\v2.15\pic32mx\lib\libmchp_peripheral_32MX795F512L.a(I2CByteWasAcknowledged.o)
 .debug_aranges
                0x00000570       0x20 ..\..\Program Files (x86)\Microchip\xc32\v2.15\pic32mx\lib\libmchp_peripheral_32MX795F512L.a(I2CConfigure.o)
 .debug_aranges
                0x00000590       0x20 ..\..\Program Files (x86)\Microchip\xc32\v2.15\pic32mx\lib\libmchp_peripheral_32MX795F512L.a(I2CEnable.o)
 .debug_aranges
                0x000005b0       0x20 ..\..\Program Files (x86)\Microchip\xc32\v2.15\pic32mx\lib\libmchp_peripheral_32MX795F512L.a(I2CGetByte.o)
 .debug_aranges
                0x000005d0       0x20 ..\..\Program Files (x86)\Microchip\xc32\v2.15\pic32mx\lib\libmchp_peripheral_32MX795F512L.a(I2CGetStatus.o)
 .debug_aranges
                0x000005f0       0x20 ..\..\Program Files (x86)\Microchip\xc32\v2.15\pic32mx\lib\libmchp_peripheral_32MX795F512L.a(I2CReceivedDataIsAvailable.o)
 .debug_aranges
                0x00000610       0x20 ..\..\Program Files (x86)\Microchip\xc32\v2.15\pic32mx\lib\libmchp_peripheral_32MX795F512L.a(I2CReceiverEnable.o)
 .debug_aranges
                0x00000630       0x20 ..\..\Program Files (x86)\Microchip\xc32\v2.15\pic32mx\lib\libmchp_peripheral_32MX795F512L.a(I2CRepeatStart.o)
 .debug_aranges
                0x00000650       0x20 ..\..\Program Files (x86)\Microchip\xc32\v2.15\pic32mx\lib\libmchp_peripheral_32MX795F512L.a(I2CSendByte.o)
 .debug_aranges
                0x00000670       0x20 ..\..\Program Files (x86)\Microchip\xc32\v2.15\pic32mx\lib\libmchp_peripheral_32MX795F512L.a(I2CSetFrequency.o)
 .debug_aranges
                0x00000690       0x20 ..\..\Program Files (x86)\Microchip\xc32\v2.15\pic32mx\lib\libmchp_peripheral_32MX795F512L.a(I2CStart.o)
 .debug_aranges
                0x000006b0       0x20 ..\..\Program Files (x86)\Microchip\xc32\v2.15\pic32mx\lib\libmchp_peripheral_32MX795F512L.a(I2CStop.o)
 .debug_aranges
                0x000006d0       0x20 ..\..\Program Files (x86)\Microchip\xc32\v2.15\pic32mx\lib\libmchp_peripheral_32MX795F512L.a(I2CTransmissionHasCompleted.o)
 .debug_aranges
                0x000006f0       0x20 ..\..\Program Files (x86)\Microchip\xc32\v2.15\pic32mx\lib\libmchp_peripheral_32MX795F512L.a(I2CTransmitterIsReady.o)
 .debug_aranges
                0x00000710       0x20 ..\..\Program Files (x86)\Microchip\xc32\v2.15\pic32mx\lib\libmchp_peripheral_32MX795F512L.a(int_enable_interrupts_lib.o)
 .debug_aranges
                0x00000730       0x60 ..\..\Program Files (x86)\Microchip\xc32\v2.15\pic32mx\lib\libmchp_peripheral_32MX795F512L.a(int_tbl_lib.o)
 .debug_aranges
                0x00000790       0x20 c:/program files (x86)/microchip/xc32/v2.15/bin/bin/../../lib/gcc/pic32mx/4.8.3\libgcc.a(floatunsisf.o)
 .debug_aranges
                0x000007b0       0x20 c:/program files (x86)/microchip/xc32/v2.15/bin/bin/../../lib/gcc/pic32mx/4.8.3/../../../../pic32mx/lib\libpic32.a(default-bootstrap-exception-handler.o)
 .debug_aranges
                0x000007d0       0x20 c:/program files (x86)/microchip/xc32/v2.15/bin/bin/../../lib/gcc/pic32mx/4.8.3/../../../../pic32mx/lib\libpic32.a(default-on-reset.o)
 .debug_aranges
                0x000007f0       0x20 c:/program files (x86)/microchip/xc32/v2.15/bin/bin/../../lib/gcc/pic32mx/4.8.3/../../../../pic32mx/lib\libpic32.a(default-on-bootstrap.o)
 .debug_aranges
                0x00000810       0x20 c:/program files (x86)/microchip/xc32/v2.15/bin/bin/../../lib/gcc/pic32mx/4.8.3/../../../../pic32mx/lib\libpic32.a(default-general-exception-handler.o)
 .debug_aranges
                0x00000830       0x20 c:/program files (x86)/microchip/xc32/v2.15/bin/bin/../../lib/gcc/pic32mx/4.8.3/../../../../pic32mx/lib\libpic32.a(defaultinterrupt.o)
 .debug_aranges
                0x00000850       0x20 c:/program files (x86)/microchip/xc32/v2.15/bin/bin/../../lib/gcc/pic32mx/4.8.3/../../../../pic32mx/lib\libm.a(w_powf.o)
 .debug_aranges
                0x00000870       0x20 c:/program files (x86)/microchip/xc32/v2.15/bin/bin/../../lib/gcc/pic32mx/4.8.3/../../../../pic32mx/lib\libm.a(w_sqrtf.o)
 .debug_aranges
                0x00000890       0x20 c:/program files (x86)/microchip/xc32/v2.15/bin/bin/../../lib/gcc/pic32mx/4.8.3/../../../../pic32mx/lib\libm.a(__strtod.o)
 .debug_aranges
                0x000008b0       0x20 c:/program files (x86)/microchip/xc32/v2.15/bin/bin/../../lib/gcc/pic32mx/4.8.3/../../../../pic32mx/lib\libm.a(__strtof.o)
 .debug_aranges
                0x000008d0       0x20 c:/program files (x86)/microchip/xc32/v2.15/bin/bin/../../lib/gcc/pic32mx/4.8.3/../../../../pic32mx/lib\libe.a(_ldexp.o)
 .debug_aranges
                0x000008f0       0x20 c:/program files (x86)/microchip/xc32/v2.15/bin/bin/../../lib/gcc/pic32mx/4.8.3/../../../../pic32mx/lib\libe.a(_ldexpf.o)
 .debug_aranges
                0x00000910       0x20 c:/program files (x86)/microchip/xc32/v2.15/bin/bin/../../lib/gcc/pic32mx/4.8.3\libgcc.a(_lshrdi3.o)
 .debug_aranges
                0x00000930       0x20 c:/program files (x86)/microchip/xc32/v2.15/bin/bin/../../lib/gcc/pic32mx/4.8.3\libgcc.a(_ashldi3.o)
 .debug_aranges
                0x00000950       0x20 c:/program files (x86)/microchip/xc32/v2.15/bin/bin/../../lib/gcc/pic32mx/4.8.3\libgcc.a(_divdi3.o)
 .debug_aranges
                0x00000970       0x20 c:/program files (x86)/microchip/xc32/v2.15/bin/bin/../../lib/gcc/pic32mx/4.8.3\libgcc.a(_udivdi3.o)
 .debug_aranges
                0x00000990       0x20 c:/program files (x86)/microchip/xc32/v2.15/bin/bin/../../lib/gcc/pic32mx/4.8.3\libgcc.a(_umoddi3.o)
 .debug_aranges
                0x000009b0       0x40 c:/program files (x86)/microchip/xc32/v2.15/bin/bin/../../lib/gcc/pic32mx/4.8.3/../../../../pic32mx/lib\libpic32.a(sbrk.o)
 .debug_aranges
                0x000009f0       0x20 c:/program files (x86)/microchip/xc32/v2.15/bin/bin/../../lib/gcc/pic32mx/4.8.3/../../../../pic32mx/lib\libpic32.a(_exit.o)
 .debug_aranges
                0x00000a10       0x20 c:/program files (x86)/microchip/xc32/v2.15/bin/bin/../../lib/gcc/pic32mx/4.8.3/../../../../pic32mx/lib\libpic32.a(isatty.o)
 .debug_aranges